Component: Arm Compiler for Embedded 6.18 Tool: armlink [5e4cc100]

==============================================================================

Section Cross References

    startup_stm32f405xx.o(STACK) refers (Special) to heapauxi.o(.text) for __use_two_region_memory
    startup_stm32f405xx.o(HEAP) refers (Special) to heapauxi.o(.text) for __use_two_region_memory
    startup_stm32f405xx.o(RESET) refers (Special) to heapauxi.o(.text) for __use_two_region_memory
    startup_stm32f405xx.o(RESET) refers to startup_stm32f405xx.o(STACK) for __initial_sp
    startup_stm32f405xx.o(RESET) refers to startup_stm32f405xx.o(.text) for Reset_Handler
    startup_stm32f405xx.o(RESET) refers to stm32f4xx_it.o(.text.NMI_Handler) for NMI_Handler
    startup_stm32f405xx.o(RESET) refers to stm32f4xx_it.o(.text.HardFault_Handler) for HardFault_Handler
    startup_stm32f405xx.o(RESET) refers to stm32f4xx_it.o(.text.MemManage_Handler) for MemManage_Handler
    startup_stm32f405xx.o(RESET) refers to stm32f4xx_it.o(.text.BusFault_Handler) for BusFault_Handler
    startup_stm32f405xx.o(RESET) refers to stm32f4xx_it.o(.text.UsageFault_Handler) for UsageFault_Handler
    startup_stm32f405xx.o(RESET) refers to stm32f4xx_it.o(.text.SVC_Handler) for SVC_Handler
    startup_stm32f405xx.o(RESET) refers to stm32f4xx_it.o(.text.DebugMon_Handler) for DebugMon_Handler
    startup_stm32f405xx.o(RESET) refers to stm32f4xx_it.o(.text.PendSV_Handler) for PendSV_Handler
    startup_stm32f405xx.o(RESET) refers to stm32f4xx_it.o(.text.SysTick_Handler) for SysTick_Handler
    startup_stm32f405xx.o(RESET) refers to stm32f4xx_it.o(.text.CAN1_RX0_IRQHandler) for CAN1_RX0_IRQHandler
    startup_stm32f405xx.o(RESET) refers to stm32f4xx_it.o(.text.CAN1_RX1_IRQHandler) for CAN1_RX1_IRQHandler
    startup_stm32f405xx.o(RESET) refers to stm32f4xx_it.o(.text.TIM1_UP_TIM10_IRQHandler) for TIM1_UP_TIM10_IRQHandler
    startup_stm32f405xx.o(RESET) refers to stm32f4xx_it.o(.text.TIM2_IRQHandler) for TIM2_IRQHandler
    startup_stm32f405xx.o(RESET) refers to stm32f4xx_it.o(.text.USART1_IRQHandler) for USART1_IRQHandler
    startup_stm32f405xx.o(RESET) refers to stm32f4xx_it.o(.text.EXTI15_10_IRQHandler) for EXTI15_10_IRQHandler
    startup_stm32f405xx.o(RESET) refers to stm32f4xx_it.o(.text.DMA2_Stream2_IRQHandler) for DMA2_Stream2_IRQHandler
    startup_stm32f405xx.o(RESET) refers to stm32f4xx_it.o(.text.CAN2_RX0_IRQHandler) for CAN2_RX0_IRQHandler
    startup_stm32f405xx.o(RESET) refers to stm32f4xx_it.o(.text.CAN2_RX1_IRQHandler) for CAN2_RX1_IRQHandler
    startup_stm32f405xx.o(.text) refers (Special) to heapauxi.o(.text) for __use_two_region_memory
    startup_stm32f405xx.o(.text) refers to system_stm32f4xx.o(.text.SystemInit) for SystemInit
    startup_stm32f405xx.o(.text) refers to __main.o(!!!main) for __main
    startup_stm32f405xx.o(.text) refers to startup_stm32f405xx.o(HEAP) for Heap_Mem
    startup_stm32f405xx.o(.text) refers to startup_stm32f405xx.o(STACK) for Stack_Mem
    main.o(.text.main) refers to stm32f4xx_hal.o(.text.HAL_Init) for HAL_Init
    main.o(.text.main) refers to main.o(.text.SystemClock_Config) for SystemClock_Config
    main.o(.text.main) refers to gpio.o(.text.MX_GPIO_Init) for MX_GPIO_Init
    main.o(.text.main) refers to dma.o(.text.MX_DMA_Init) for MX_DMA_Init
    main.o(.text.main) refers to tim.o(.text.MX_TIM2_Init) for MX_TIM2_Init
    main.o(.text.main) refers to tim.o(.text.MX_TIM3_Init) for MX_TIM3_Init
    main.o(.text.main) refers to can.o(.text.MX_CAN1_Init) for MX_CAN1_Init
    main.o(.text.main) refers to can.o(.text.MX_CAN2_Init) for MX_CAN2_Init
    main.o(.text.main) refers to motor.o(.text.DJmotor_Init) for DJmotor_Init
    main.o(.text.main) refers to tim.o(.bss.htim2) for htim2
    main.o(.text.main) refers to stm32f4xx_hal_tim.o(.text.HAL_TIM_Base_Start_IT) for HAL_TIM_Base_Start_IT
    main.o(.text.main) refers to solenoid.o(.text.solenoid_init) for solenoid_init
    main.o(.text.main) refers to stm32f4xx_hal_gpio.o(.text.HAL_GPIO_WritePin) for HAL_GPIO_WritePin
    main.o(.text.main) refers to stm32f4xx_hal.o(.text.HAL_Delay) for HAL_Delay
    main.o(.text.main) refers to main.o(.text.LowFreq_Task) for LowFreq_Task
    main.o(.ARM.exidx.text.main) refers to main.o(.text.main) for [Anonymous Symbol]
    main.o(.text.SystemClock_Config) refers to rt_memclr_w.o(.text) for __aeabi_memclr4
    main.o(.text.SystemClock_Config) refers to stm32f4xx_hal_rcc.o(.text.HAL_RCC_OscConfig) for HAL_RCC_OscConfig
    main.o(.text.SystemClock_Config) refers to main.o(.text.Error_Handler) for Error_Handler
    main.o(.text.SystemClock_Config) refers to stm32f4xx_hal_rcc.o(.text.HAL_RCC_ClockConfig) for HAL_RCC_ClockConfig
    main.o(.ARM.exidx.text.SystemClock_Config) refers to main.o(.text.SystemClock_Config) for [Anonymous Symbol]
    main.o(.text.LowFreq_Task) refers to stm32f4xx_hal.o(.text.HAL_GetTick) for HAL_GetTick
    main.o(.text.LowFreq_Task) refers to main.o(.bss.LowFreq_Task.last_10ms) for LowFreq_Task.last_10ms
[...]
    [Anonymous Symbol]                       0x08001714   Section        0  gripper.o(.text.Gripper_Task)
    [Anonymous Symbol]                       0x08001778   Section        0  stm32f4xx_hal_can.o(.text.HAL_CAN_ActivateNotification)
    [Anonymous Symbol]                       0x080017cc   Section        0  stm32f4xx_hal_can.o(.text.HAL_CAN_AddTxMessage)
    [Anonymous Symbol]                       0x08001924   Section        0  stm32f4xx_hal_can.o(.text.HAL_CAN_ConfigFilter)
    [Anonymous Symbol]                       0x08001ac4   Section        0  stm32f4xx_hal_can.o(.text.HAL_CAN_ErrorCallback)
    [Anonymous Symbol]                       0x08001acc   Section        0  stm32f4xx_hal_can.o(.text.HAL_CAN_GetRxMessage)
    [Anonymous Symbol]                       0x08001ce0   Section        0  stm32f4xx_hal_can.o(.text.HAL_CAN_IRQHandler)
    [Anonymous Symbol]                       0x080020d4   Section        0  stm32f4xx_hal_can.o(.text.HAL_CAN_Init)
    [Anonymous Symbol]                       0x080022b4   Section        0  can.o(.text.HAL_CAN_MspInit)
    [Anonymous Symbol]                       0x08002464   Section        0  stm32f4xx_hal_can.o(.text.HAL_CAN_RxFifo0FullCallback)
    [Anonymous Symbol]                       0x0800246c   Section        0  can_irqhandler.o(.text.HAL_CAN_RxFifo0MsgPendingCallback)
    [Anonymous Symbol]                       0x0800261c   Section        0  stm32f4xx_hal_can.o(.text.HAL_CAN_RxFifo1FullCallback)
    [Anonymous Symbol]                       0x08002624   Section        0  stm32f4xx_hal_can.o(.text.HAL_CAN_RxFifo1MsgPendingCallback)
    [Anonymous Symbol]                       0x0800262c   Section        0  stm32f4xx_hal_can.o(.text.HAL_CAN_SleepCallback)
    [Anonymous Symbol]                       0x08002634   Section        0  stm32f4xx_hal_can.o(.text.HAL_CAN_Start)
    [Anonymous Symbol]                       0x080026c0   Section        0  stm32f4xx_hal_can.o(.text.HAL_CAN_TxMailbox0AbortCallback)
    [Anonymous Symbol]                       0x080026c8   Section        0  stm32f4xx_hal_can.o(.text.HAL_CAN_TxMailbox0CompleteCallback)
    [Anonymous Symbol]                       0x080026d0   Section        0  stm32f4xx_hal_can.o(.text.HAL_CAN_TxMailbox1AbortCallback)
    [Anonymous Symbol]                       0x080026d8   Section        0  stm32f4xx_hal_can.o(.text.HAL_CAN_TxMailbox1CompleteCallback)
    [Anonymous Symbol]                       0x080026e0   Section        0  stm32f4xx_hal_can.o(.text.HAL_CAN_TxMailbox2AbortCallback)
    [Anonymous Symbol]                       0x080026e8   Section        0  stm32f4xx_hal_can.o(.text.HAL_CAN_TxMailbox2CompleteCallback)
    [Anonymous Symbol]                       0x080026f0   Section        0  stm32f4xx_hal_can.o(.text.HAL_CAN_WakeUpFromRxMsgCallback)
    [Anonymous Symbol]                       0x080026f8   Section        0  stm32f4xx_hal_dma.o(.text.HAL_DMA_Abort)
    [Anonymous Symbol]                       0x080027e4   Section        0  stm32f4xx_hal_dma.o(.text.HAL_DMA_Abort_IT)
    [Anonymous Symbol]                       0x08002828   Section        0  stm32f4xx_hal_dma.o(.text.HAL_DMA_IRQHandler)
    [Anonymous Symbol]                       0x08002b48   Section        0  stm32f4xx_hal_dma.o(.text.HAL_DMA_Start_IT)
    [Anonymous Symbol]                       0x08002c0c   Section        0  stm32f4xx_hal.o(.text.HAL_Delay)
    [Anonymous Symbol]                       0x08002c50   Section        0  stm32f4xx_hal_gpio.o(.text.HAL_GPIO_EXTI_Callback)
    [Anonymous Symbol]                       0x08002c5c   Section        0  stm32f4xx_hal_gpio.o(.text.HAL_GPIO_EXTI_IRQHandler)
    [Anonymous Symbol]                       0x08002c94   Section        0  stm32f4xx_hal_gpio.o(.text.HAL_GPIO_Init)
    [Anonymous Symbol]                       0x0800304c   Section        0  stm32f4xx_hal_gpio.o(.text.HAL_GPIO_WritePin)
    [Anonymous Symbol]                       0x0800307c   Section        0  stm32f4xx_hal.o(.text.HAL_GetTick)
    [Anonymous Symbol]                       0x08003088   Section        0  stm32f4xx_hal.o(.text.HAL_IncTick)
    [Anonymous Symbol]                       0x080030a4   Section        0  stm32f4xx_hal.o(.text.HAL_Init)
    [Anonymous Symbol]                       0x080030dc   Section        0  stm32f4xx_hal_timebase_tim.o(.text.HAL_InitTick)
    [Anonymous Symbol]                       0x080031b8   Section        0  stm32f4xx_hal_msp.o(.text.HAL_MspInit)
    [Anonymous Symbol]                       0x08003204   Section        0  stm32f4xx_hal_cortex.o(.text.HAL_NVIC_EnableIRQ)
    [Anonymous Symbol]                       0x08003218   Section        0  stm32f4xx_hal_cortex.o(.text.HAL_NVIC_SetPriority)
    [Anonymous Symbol]                       0x0800324c   Section        0  stm32f4xx_hal_cortex.o(.text.HAL_NVIC_SetPriorityGrouping)
    [Anonymous Symbol]                       0x0800325c   Section        0  stm32f4xx_hal_rcc.o(.text.HAL_RCC_ClockConfig)
    [Anonymous Symbol]                       0x080034c0   Section        0  stm32f4xx_hal_rcc.o(.text.HAL_RCC_GetClockConfig)
    [Anonymous Symbol]                       0x08003514   Section        0  stm32f4xx_hal_rcc.o(.text.HAL_RCC_GetHCLKFreq)
    [Anonymous Symbol]                       0x08003520   Section        0  stm32f4xx_hal_rcc.o(.text.HAL_RCC_GetPCLK2Freq)
    [Anonymous Symbol]                       0x08003544   Section        0  stm32f4xx_hal_rcc.o(.text.HAL_RCC_GetSysClockFreq)
    [Anonymous Symbol]                       0x0800362c   Section        0  stm32f4xx_hal_rcc.o(.text.HAL_RCC_OscConfig)
    [Anonymous Symbol]                       0x08003cec   Section        0  stm32f4xx_hal_tim_ex.o(.text.HAL_TIMEx_BreakCallback)
    [Anonymous Symbol]                       0x08003cf4   Section        0  stm32f4xx_hal_tim_ex.o(.text.HAL_TIMEx_CommutCallback)
    [Anonymous Symbol]                       0x08003cfc   Section        0  stm32f4xx_hal_tim_ex.o(.text.HAL_TIMEx_MasterConfigSynchronization)
    [Anonymous Symbol]                       0x08003e20   Section        0  stm32f4xx_hal_tim.o(.text.HAL_TIM_Base_Init)
    [Anonymous Symbol]                       0x08003ebc   Section        0  tim.o(.text.HAL_TIM_Base_MspInit)
    [Anonymous Symbol]                       0x08003f40   Section        0  stm32f4xx_hal_tim.o(.text.HAL_TIM_Base_Start_IT)
    [Anonymous Symbol]                       0x08004038   Section        0  stm32f4xx_hal_tim.o(.text.HAL_TIM_ConfigClockSource)
    [Anonymous Symbol]                       0x080041bc   Section        0  stm32f4xx_hal_tim.o(.text.HAL_TIM_IC_CaptureCallback)
    [Anonymous Symbol]                       0x080041c4   Section        0  stm32f4xx_hal_tim.o(.text.HAL_TIM_IRQHandler)
    [Anonymous Symbol]                       0x080043e0   Section        0  stm32f4xx_hal_tim.o(.text.HAL_TIM_OC_DelayElapsedCallback)
    [Anonymous Symbol]                       0x080043e8   Section        0  stm32f4xx_hal_tim.o(.text.HAL_TIM_PWM_PulseFinishedCallback)
    [Anonymous Symbol]                       0x080043f0   Section        0  main.o(.text.HAL_TIM_PeriodElapsedCallback)
    [Anonymous Symbol]                       0x08004418   Section        0  stm32f4xx_hal_tim.o(.text.HAL_TIM_TriggerCallback)
    [Anonymous Symbol]                       0x08004420   Section        0  stm32f4xx_hal_uart.o(.text.HAL_UARTEx_ReceiveToIdle_DMA)
    [Anonymous Symbol]                       0x080044d8   Section        0  uart_irqhandler.o(.text.HAL_UARTEx_RxEventCallback)
    [Anonymous Symbol]                       0x08004578   Section        0  stm32f4xx_hal_uart.o(.text.HAL_UART_ErrorCallback)
    [Anonymous Symbol]                       0x08004580   Section        0  stm32f4xx_hal_uart.o(.text.HAL_UART_IRQHandler)
    [Anonymous Symbol]                       0x080049dc   Section        0  stm32f4xx_hal_uart.o(.text.HAL_UART_RxCpltCallback)
    [Anonymous Symbol]                       0x080049e4   Section        0  stm32f4xx_hal_uart.o(.text.HAL_UART_RxHalfCpltCallback)
    [Anonymous Symbol]                       0x080049ec   Section        0  stm32f4xx_hal_uart.o(.text.HAL_UART_TxCpltCallback)
    [Anonymous Symbol]                       0x080049f4   Section        0  stm32f4xx_it.o(.text.HardFault_Handler)
    [Anonymous Symbol]                       0x080049f8   Section        0  ledtask.o(.text.LedTask)
    LowFreq_Task                             0x08004b75   Thumb Code   156  main.o(.text.LowFreq_Task)
    [Anonymous Symbol]                       0x08004b74   Section        0  main.o(.text.LowFreq_Task)
    [Anonymous Symbol]                       0x08004c10   Section        0  can.o(.text.MX_CAN1_Init)
    [Anonymous Symbol]                       0x08004cd8   Section        0  can.o(.text.MX_CAN2_Init)
    [Anonymous Symbol]                       0x08004de4   Section        0  dma.o(.text.MX_DMA_Init)
    [Anonymous Symbol]                       0x08004e20   Section        0  gpio.o(.text.MX_GPIO_Init)
    [Anonymous Symbol]                       0x08004f38   Section        0  tim.o(.text.MX_TIM2_Init)
    [Anonymous Symbol]                       0x08004fb8   Section        0  tim.o(.text.MX_TIM3_Init)
    [Anonymous Symbol]                       0x08005040   Section        0  stm32f4xx_it.o(.text.MemManage_Handler)
    [Anonymous Symbol]                       0x08005044   Section        0  stm32f4xx_it.o(.text.NMI_Handler)
    NVIC_EncodePriority                      0x08005049   Thumb Code   108  stm32f4xx_hal_cortex.o(.text.NVIC_EncodePriority)
    [Anonymous Symbol]                       0x08005048   Section        0  stm32f4xx_hal_cortex.o(.text.NVIC_EncodePriority)
    [Anonymous Symbol]                       0x080050b4   Section        0  pid.o(.text.PIDInit)
    [Anonymous Symbol]                       0x08005108   Section        0  pid.o(.text.PID_Calculate)
    [Anonymous Symbol]                       0x0800523c   Section        0  pid.o(.text.PID_Reset)
    [Anonymous Symbol]                       0x08005258   Section        0  stm32f4xx_it.o(.text.PendSV_Handler)
    [Anonymous Symbol]                       0x0800525c   Section        0  stm32f4xx_it.o(.text.SVC_Handler)
    Send_Feedback                            0x08005261   Thumb Code    80  gripper.o(.text.Send_Feedback)
    [Anonymous Symbol]                       0x08005260   Section        0  gripper.o(.text.Send_Feedback)
    [Anonymous Symbol]                       0x080052b0   Section        0  stm32f4xx_it.o(.text.SysTick_Handler)
    [Anonymous Symbol]                       0x080052b4   Section        0  main.o(.text.SystemClock_Config)
    [Anonymous Symbol]                       0x08005374   Section        0  system_stm32f4xx.o(.text.SystemInit)
    [Anonymous Symbol]                       0x08005388   Section        0  stm32f4xx_it.o(.text.TIM1_UP_TIM10_IRQHandler)
    [Anonymous Symbol]                       0x08005398   Section        0  stm32f4xx_it.o(.text.TIM2_IRQHandler)
    [Anonymous Symbol]                       0x080053a8   Section        0  stm32f4xx_hal_tim.o(.text.TIM_Base_SetConfig)
    [Anonymous Symbol]                       0x0800554c   Section        0  stm32f4xx_hal_tim.o(.text.TIM_ETR_SetConfig)
    TIM_ITRx_SetConfig                       0x08005581   Thumb Code    42  stm32f4xx_hal_tim.o(.text.TIM_ITRx_SetConfig)
    [Anonymous Symbol]                       0x08005580   Section        0  stm32f4xx_hal_tim.o(.text.TIM_ITRx_SetConfig)
    TIM_TI1_ConfigInputStage                 0x080055ad   Thumb Code    80  stm32f4xx_hal_tim.o(.text.TIM_TI1_ConfigInputStage)
    [Anonymous Symbol]                       0x080055ac   Section        0  stm32f4xx_hal_tim.o(.text.TIM_TI1_ConfigInputStage)
    TIM_TI2_ConfigInputStage                 0x080055fd   Thumb Code    82  stm32f4xx_hal_tim.o(.text.TIM_TI2_ConfigInputStage)
    [Anonymous Symbol]                       0x080055fc   Section        0  stm32f4xx_hal_tim.o(.text.TIM_TI2_ConfigInputStage)
    UART_DMAAbortOnError                     0x08005651   Thumb Code    28  stm32f4xx_hal_uart.o(.text.UART_DMAAbortOnError)
    [Anonymous Symbol]                       0x08005650   Section        0  stm32f4xx_hal_uart.o(.text.UART_DMAAbortOnError)
    UART_DMAError                            0x0800566d   Thumb Code   124  stm32f4xx_hal_uart.o(.text.UART_DMAError)
    [Anonymous Symbol]                       0x0800566c   Section        0  stm32f4xx_hal_uart.o(.text.UART_DMAError)
    UART_DMAReceiveCplt                      0x080056e9   Thumb Code   244  stm32f4xx_hal_uart.o(.text.UART_DMAReceiveCplt)
    [Anonymous Symbol]                       0x080056e8   Section        0  stm32f4xx_hal_uart.o(.text.UART_DMAReceiveCplt)
    UART_DMARxHalfCplt                       0x080057dd   Thumb Code    52  stm32f4xx_hal_uart.o(.text.UART_DMARxHalfCplt)
    [Anonymous Symbol]                       0x080057dc   Section        0  stm32f4xx_hal_uart.o(.text.UART_DMARxHalfCplt)
    UART_EndRxTransfer                       0x08005811   Thumb Code   148  stm32f4xx_hal_uart.o(.text.UART_EndRxTransfer)
    [Anonymous Symbol]                       0x08005810   Section        0  stm32f4xx_hal_uart.o(.text.UART_EndRxTransfer)
    UART_EndTransmit_IT                      0x080058a5   Thumb Code    38  stm32f4xx_hal_uart.o(.text.UART_EndTransmit_IT)
    [Anonymous Symbol]                       0x080058a4   Section        0  stm32f4xx_hal_uart.o(.text.UART_EndTransmit_IT)
    UART_EndTxTransfer                       0x080058cd   Thumb Code    54  stm32f4xx_hal_uart.o(.text.UART_EndTxTransfer)
    [Anonymous Symbol]                       0x080058cc   Section        0  stm32f4xx_hal_uart.o(.text.UART_EndTxTransfer)
    UART_Receive_IT                          0x08005905   Thumb Code   360  stm32f4xx_hal_uart.o(.text.UART_Receive_IT)
    [Anonymous Symbol]                       0x08005904   Section        0  stm32f4xx_hal_uart.o(.text.UART_Receive_IT)
    [Anonymous Symbol]                       0x08005a6c   Section        0  stm32f4xx_hal_uart.o(.text.UART_Start_Receive_DMA)
    UART_Transmit_IT                         0x08005b9d   Thumb Code   148  stm32f4xx_hal_uart.o(.text.UART_Transmit_IT)
    [Anonymous Symbol]                       0x08005b9c   Section        0  stm32f4xx_hal_uart.o(.text.UART_Transmit_IT)
    [Anonymous Symbol]                       0x08005c30   Section        0  stm32f4xx_it.o(.text.USART1_IRQHandler)
    [Anonymous Symbol]                       0x08005c40   Section        0  tim_irqhandler.o(.text.USER_TIM_PeriodElapsedCallback)
    [Anonymous Symbol]                       0x08005d08   Section        0  stm32f4xx_it.o(.text.UsageFault_Handler)
    __NVIC_EnableIRQ                         0x08005d0d   Thumb Code    48  stm32f4xx_hal_cortex.o(.text.__NVIC_EnableIRQ)
    [Anonymous Symbol]                       0x08005d0c   Section        0  stm32f4xx_hal_cortex.o(.text.__NVIC_EnableIRQ)
    __NVIC_GetPriorityGrouping               0x08005d3d   Thumb Code    16  stm32f4xx_hal_cortex.o(.text.__NVIC_GetPriorityGrouping)
    [Anonymous Symbol]                       0x08005d3c   Section        0  stm32f4xx_hal_cortex.o(.text.__NVIC_GetPriorityGrouping)
    __NVIC_SetPriority                       0x08005d4d   Thumb Code    66  stm32f4xx_hal_cortex.o(.text.__NVIC_SetPriority)
    [Anonymous Symbol]                       0x08005d4c   Section        0  stm32f4xx_hal_cortex.o(.text.__NVIC_SetPriority)
    __NVIC_SetPriorityGrouping               0x08005d91   Thumb Code    60  stm32f4xx_hal_cortex.o(.text.__NVIC_SetPriorityGrouping)
    [Anonymous Symbol]                       0x08005d90   Section        0  stm32f4xx_hal_cortex.o(.text.__NVIC_SetPriorityGrouping)
    is_M3508                                 0x08005dcd   Thumb Code    22  motor.o(.text.is_M3508)
    [Anonymous Symbol]                       0x08005dcc   Section        0  motor.o(.text.is_M3508)
    led_off                                  0x08005de5   Thumb Code   100  ledtask.o(.text.led_off)
    [Anonymous Symbol]                       0x08005de4   Section        0  ledtask.o(.text.led_off)
    led_on                                   0x08005e49   Thumb Code   100  ledtask.o(.text.led_on)
    [Anonymous Symbol]                       0x08005e48   Section        0  ledtask.o(.text.led_on)
    [Anonymous Symbol]                       0x08005eac   Section        0  main.o(.text.main)
    [Anonymous Symbol]                       0x08005f38   Section        0  solenoid.o(.text.register_updata)
    [Anonymous Symbol]                       0x08005fe0   Section        0  solenoid.o(.text.solenoid_channel_init)
    [Anonymous Symbol]                       0x08006010   Section        0  solenoid.o(.text.solenoid_init)
    [Anonymous Symbol]                       0x08006190   Section        0  solenoid.o(.text.solenoid_on)
    $v0                                      0x08006202   Number         0  fpinit.o(x$fpl$fpinit)
    x$fpl$fpinit                             0x08006202   Section       26  fpinit.o(x$fpl$fpinit)
    s_auto_zero_id                           0x08006234   Data           1  motor.o(.rodata.s_auto_zero_id)
    [Anonymous Symbol]                       0x08006234   Section        0  motor.o(.rodata.s_auto_zero_id)
    .bss                                     0x20000010   Section       96  libspace.o(.bss)
    DJmotor_CurrentTransmit.tx_data          0x200004a4   Data           8  motor.o(.bss.DJmotor_CurrentTransmit.tx_data)
    [Anonymous Symbol]                       0x200004a4   Section        0  motor.o(.bss.DJmotor_CurrentTransmit.tx_data)
    HAL_RCC_CAN1_CLK_ENABLED                 0x200004ac   Data           4  can.o(.bss.HAL_RCC_CAN1_CLK_ENABLED)
    [Anonymous Symbol]                       0x200004ac   Section        0  can.o(.bss.HAL_RCC_CAN1_CLK_ENABLED)
    LowFreq_Task.last_10ms                   0x200004b0   Data           4  main.o(.bss.LowFreq_Task.last_10ms)
    [Anonymous Symbol]                       0x200004b0   Section        0  main.o(.bss.LowFreq_Task.last_10ms)
    bp_state                                 0x200004dd   Data           1  beeptask.o(.bss.bp_state)
    [Anonymous Symbol]                       0x200004dd   Section        0  beeptask.o(.bss.bp_state)
    g_cmd_fifo                               0x200004e1   Data          24  gripper.o(.bss.g_cmd_fifo)
    [Anonymous Symbol]                       0x200004e1   Section        0  gripper.o(.bss.g_cmd_fifo)
    g_fifo_head                              0x200004f9   Data           1  gripper.o(.bss.g_fifo_head)
    [Anonymous Symbol]                       0x200004f9   Section        0  gripper.o(.bss.g_fifo_head)
    g_fifo_overflow                          0x200004fa   Data           1  gripper.o(.bss.g_fifo_overflow)
    [Anonymous Symbol]                       0x200004fa   Section        0  gripper.o(.bss.g_fifo_overflow)
    g_fifo_tail                              0x200004fb   Data           1  gripper.o(.bss.g_fifo_tail)
    [Anonymous Symbol]                       0x200004fb   Section        0  gripper.o(.bss.g_fifo_tail)
    grip_flag                                0x200004fe   Data           1  gripper.o(.bss.grip_flag)
    [Anonymous Symbol]                       0x200004fe   Section        0  gripper.o(.bss.grip_flag)
    led_last                                 0x200006d0   Data          16  ledtask.o(.bss.led_last)
    [Anonymous Symbol]                       0x200006d0   Section        0  ledtask.o(.bss.led_last)
    led_phase                                0x200006e0   Data           1  ledtask.o(.bss.led_phase)
    [Anonymous Symbol]                       0x200006e0   Section        0  ledtask.o(.bss.led_phase)
    led_state                                0x200006e1   Data           1  ledtask.o(.bss.led_state)
    [Anonymous Symbol]                       0x200006e1   Section        0  ledtask.o(.bss.led_state)
    move_flag                                0x200006e2   Data           1  gripper.o(.bss.move_flag)
    [Anonymous Symbol]                       0x200006e2   Section        0  gripper.o(.bss.move_flag)
    Heap_Mem                                 0x20000710   Data         512  startup_stm32f405xx.o(HEAP)
    HEAP                                     0x20000710   Section      512  startup_stm32f405xx.o(HEAP)
    Stack_Mem                                0x20000910   Data        1024  startup_stm32f405xx.o(STACK)
    STACK                                    0x20000910   Section     1024  startup_stm32f405xx.o(STACK)
    __initial_sp                             0x20000d10   Data           0  startup_stm32f405xx.o(STACK)

    Global Symbols

    Symbol Name                              Value     Ov Type        Size  Object(Section)

    BuildAttributes$$THM_ISAv4$E$P$D$K$B$S$7EM$VFPi3$EXTD16$VFPS$VFMA$PE$A:L22UL41UL21$X:L11$S22US41US21$IEEE1$IW$~IW$USESV6$~STKCKD$USESV7$~SHL$OSPACE$ROPI$EBA8$UX$STANDARDLIB$REQ8$PRES8$EABIv2 0x00000000   Number         0  anon$$obj.o ABSOLUTE
    __ARM_exceptions_init                     - Undefined Weak Reference
    __alloca_initialize                       - Undefined Weak Reference
    __arm_preinit_                            - Undefined Weak Reference
    __arm_relocate_pie_                       - Undefined Weak Reference
    __cpp_initialize__aeabi_                  - Undefined Weak Reference
    __cxa_finalize                            - Undefined Weak Reference
    __rt_locale                               - Undefined Weak Reference
    __sigvec_lookup                           - Undefined Weak Reference
    _atexit_init                              - Undefined Weak Reference
    _call_atexit_fns                          - Undefined Weak Reference
    _clock_init                               - Undefined Weak Reference
    _fp_trap_init                             - Undefined Weak Reference
    _fp_trap_shutdown                         - Undefined Weak Reference
    _get_lc_collate                           - Undefined Weak Reference
    _get_lc_ctype                             - Undefined Weak Reference
    _get_lc_monetary                          - Undefined Weak Reference
    _get_lc_numeric                           - Undefined Weak Reference
    _get_lc_time                              - Undefined Weak Reference
    _getenv_init                              - Undefined Weak Reference
    _handle_redirection                       - Undefined Weak Reference
    _init_alloc                               - Undefined Weak Reference
    _init_user_alloc                          - Undefined Weak Reference
    _initio                                   - Undefined Weak Reference
    _rand_init                                - Undefined Weak Reference
    _signal_finish                            - Undefined Weak Reference
    _signal_init                              - Undefined Weak Reference
    _terminate_alloc                          - Undefined Weak Reference
    _terminate_user_alloc                     - Undefined Weak Reference
    _terminateio                              - Undefined Weak Reference
    __Vectors_Size                           0x00000188   Number         0  startup_stm32f405xx.o ABSOLUTE
    __Vectors                                0x08000000   Data           4  startup_stm32f405xx.o(RESET)
    __Vectors_End                            0x08000188   Data           0  startup_stm32f405xx.o(RESET)
    __main                                   0x08000189   Thumb Code     8  __main.o(!!!main)
    __scatterload                            0x08000191   Thumb Code     0  __scatter.o(!!!scatter)
    __scatterload_rt2                        0x08000191   Thumb Code    44  __scatter.o(!!!scatter)
    __scatterload_rt2_thumb_only             0x08000191   Thumb Code     0  __scatter.o(!!!scatter)
    __scatterload_null                       0x0800019f   Thumb Code     0  __scatter.o(!!!scatter)
    __scatterload_copy                       0x080001c5   Thumb Code    26  __scatter_copy.o(!!handler_copy)
    __scatterload_zeroinit                   0x080001e1   Thumb Code    28  __scatter_zi.o(!!handler_zi)
    __rt_lib_init                            0x080001fd   Thumb Code     0  libinit.o(.ARM.Collect$$libinit$$00000000)
    __rt_lib_init_fp_1                       0x080001ff   Thumb Code     0  libinit2.o(.ARM.Collect$$libinit$$00000001)
    __rt_lib_init_alloca_1                   0x08000203   Thumb Code     0  libinit2.o(.ARM.Collect$$libinit$$00000030)
    __rt_lib_init_argv_1                     0x08000203   Thumb Code     0  libinit2.o(.ARM.Collect$$libinit$$0000002E)
    __rt_lib_init_atexit_1                   0x08000203   Thumb Code     0  libinit2.o(.ARM.Collect$$libinit$$0000001D)
    __rt_lib_init_clock_1                    0x08000203   Thumb Code     0  libinit2.o(.ARM.Collect$$libinit$$00000023)
    __rt_lib_init_cpp_1                      0x08000203   Thumb Code     0  libinit2.o(.ARM.Collect$$libinit$$00000034)
    __rt_lib_init_exceptions_1               0x08000203   Thumb Code     0  libinit2.o(.ARM.Collect$$libinit$$00000032)
    __rt_lib_init_fp_trap_1                  0x08000203   Thumb Code     0  libinit2.o(.ARM.Collect$$libinit$$00000021)
    __rt_lib_init_getenv_1                   0x08000203   Thumb Code     0  libinit2.o(.ARM.Collect$$libinit$$00000025)
    __rt_lib_init_heap_1                     0x08000203   Thumb Code     0  libinit2.o(.ARM.Collect$$libinit$$0000000C)
    __rt_lib_init_lc_collate_1               0x08000203   Thumb Code     0  libinit2.o(.ARM.Collect$$libinit$$00000013)
    __rt_lib_init_lc_ctype_1                 0x08000203   Thumb Code     0  libinit2.o(.ARM.Collect$$libinit$$00000015)
    __rt_lib_init_lc_monetary_1              0x08000203   Thumb Code     0  libinit2.o(.ARM.Collect$$libinit$$00000017)
    __rt_lib_init_lc_numeric_1               0x08000203   Thumb Code     0  libinit2.o(.ARM.Collect$$libinit$$00000019)
    __rt_lib_init_lc_time_1                  0x08000203   Thumb Code     0  libinit2.o(.ARM.Collect$$libinit$$0000001B)
    __rt_lib_init_preinit_1                  0x08000203   Thumb Code     0  libinit2.o(.ARM.Collect$$libinit$$00000006)
    __rt_lib_init_rand_1                     0x08000203   Thumb Code     0  libinit2.o(.ARM.Collect$$libinit$$00000010)
    __rt_lib_init_relocate_pie_1             0x08000203   Thumb Code     0  libinit2.o(.ARM.Collect$$libinit$$00000004)
    __rt_lib_init_return                     0x08000203   Thumb Code     0  libinit2.o(.ARM.Collect$$libinit$$00000035)
    __rt_lib_init_signal_1                   0x08000203   Thumb Code     0  libinit2.o(.ARM.Collect$$libinit$$0000001F)
    __rt_lib_init_stdio_1                    0x08000203   Thumb Code     0  libinit2.o(.ARM.Collect$$libinit$$00000027)
    __rt_lib_init_user_alloc_1               0x08000203   Thumb Code     0  libinit2.o(.ARM.Collect$$libinit$$0000000E)
    __rt_lib_shutdown                        0x08000205   Thumb Code     0  libshutdown.o(.ARM.Collect$$libshutdown$$00000000)
    __rt_lib_shutdown_cpp_1                  0x08000207   Thumb Code     0  libshutdown2.o(.ARM.Collect$$libshutdown$$00000002)
    __rt_lib_shutdown_fp_trap_1              0x08000207   Thumb Code     0  libshutdown2.o(.ARM.Collect$$libshutdown$$00000007)
    __rt_lib_shutdown_heap_1                 0x08000207   Thumb Code     0  libshutdown2.o(.ARM.Collect$$libshutdown$$0000000F)
    __rt_lib_shutdown_return                 0x08000207   Thumb Code     0  libshutdown2.o(.ARM.Collect$$libshutdown$$00000010)
    __rt_lib_shutdown_signal_1               0x08000207   Thumb Code     0  libshutdown2.o(.ARM.Collect$$libshutdown$$0000000A)
    __rt_lib_shutdown_stdio_1                0x08000207   Thumb Code     0  libshutdown2.o(.ARM.Collect$$libshutdown$$00000004)
    __rt_lib_shutdown_user_alloc_1           0x08000207   Thumb Code     0  libshutdown2.o(.ARM.Collect$$libshutdown$$0000000C)
    __rt_entry                               0x08000209   Thumb Code     0  __rtentry.o(.ARM.Collect$$rtentry$$00000000)
    __rt_entry_presh_1                       0x08000209   Thumb Code     0  __rtentry2.o(.ARM.Collect$$rtentry$$00000002)
    __rt_entry_sh                            0x08000209   Thumb Code     0  __rtentry4.o(.ARM.Collect$$rtentry$$00000004)
    __rt_entry_li                            0x0800020f   Thumb Code     0  __rtentry2.o(.ARM.Collect$$rtentry$$0000000A)
    __rt_entry_postsh_1                      0x0800020f   Thumb Code     0  __rtentry2.o(.ARM.Collect$$rtentry$$00000009)
    __rt_entry_main                          0x08000213   Thumb Code     0  __rtentry2.o(.ARM.Collect$$rtentry$$0000000D)
    __rt_entry_postli_1                      0x08000213   Thumb Code     0  __rtentry2.o(.ARM.Collect$$rtentry$$0000000C)
    __rt_exit                                0x0800021b   Thumb Code     0  rtexit.o(.ARM.Collect$$rtexit$$00000000)
    __rt_exit_ls                             0x0800021d   Thumb Code     0  rtexit2.o(.ARM.Collect$$rtexit$$00000003)
    __rt_exit_prels_1                        0x0800021d   Thumb Code     0  rtexit2.o(.ARM.Collect$$rtexit$$00000002)
    __rt_exit_exit                           0x08000221   Thumb Code     0  rtexit2.o(.ARM.Collect$$rtexit$$00000004)
    Reset_Handler                            0x08000229   Thumb Code     8  startup_stm32f405xx.o(.text)
    ADC_IRQHandler                           0x08000243   Thumb Code     0  startup_stm32f405xx.o(.text)
    CAN1_SCE_IRQHandler                      0x08000243   Thumb Code     0  startup_stm32f405xx.o(.text)
    CAN1_TX_IRQHandler                       0x08000243   Thumb Code     0  startup_stm32f405xx.o(.text)
    CAN2_SCE_IRQHandler                      0x08000243   Thumb Code     0  startup_stm32f405xx.o(.text)
    CAN2_TX_IRQHandler                       0x08000243   Thumb Code     0  startup_stm32f405xx.o(.text)
    DMA1_Stream0_IRQHandler                  0x08000243   Thumb Code     0  startup_stm32f405xx.o(.text)
    DMA1_Stream1_IRQHandler                  0x08000243   Thumb Code     0  startup_stm32f405xx.o(.text)
    DMA1_Stream2_IRQHandler                  0x08000243   Thumb Code     0  startup_stm32f405xx.o(.text)
    DMA1_Stream3_IRQHandler                  0x08000243   Thumb Code     0  startup_stm32f405xx.o(.text)
    DMA1_Stream4_IRQHandler                  0x08000243   Thumb Code     0  startup_stm32f405xx.o(.text)
    DMA1_Stream5_IRQHandler                  0x08000243   Thumb Code     0  startup_stm32f405xx.o(.text)
    DMA1_Stream6_IRQHandler                  0x08000243   Thumb Code     0  startup_stm32f405xx.o(.text)
    DMA1_Stream7_IRQHandler                  0x08000243   Thumb Code     0  startup_stm32f405xx.o(.text)
    DMA2_Stream0_IRQHandler                  0x08000243   Thumb Code     0  startup_stm32f405xx.o(.text)
    DMA2_Stream1_IRQHandler                  0x08000243   Thumb Code     0  startup_stm32f405xx.o(.text)
    DMA2_Stream3_IRQHandler                  0x08000243   Thumb Code     0  startup_stm32f405xx.o(.text)
    DMA2_Stream4_IRQHandler                  0x08000243   Thumb Code     0  startup_stm32f405xx.o(.text)
    DMA2_Stream5_IRQHandler                  0x08000243   Thumb Code     0  startup_stm32f405xx.o(.text)
    DMA2_Stream6_IRQHandler                  0x08000243   Thumb Code     0  startup_stm32f405xx.o(.text)
    DMA2_Stream7_IRQHandler                  0x08000243   Thumb Code     0  startup_stm32f405xx.o(.text)
    EXTI0_IRQHandler                         0x08000243   Thumb Code     0  startup_stm32f405xx.o(.text)
    EXTI1_IRQHandler                         0x08000243   Thumb Code     0  startup_stm32f405xx.o(.text)
    EXTI2_IRQHandler                         0x08000243   Thumb Code     0  startup_stm32f405xx.o(.text)
    EXTI3_IRQHandler                         0x08000243   Thumb Code     0  startup_stm32f405xx.o(.text)
    EXTI4_IRQHandler                         0x08000243   Thumb Code     0  startup_stm32f405xx.o(.text)
    EXTI9_5_IRQHandler                       0x08000243   Thumb Code     0  startup_stm32f405xx.o(.text)
    FLASH_IRQHandler                         0x08000243   Thumb Code     0  startup_stm32f405xx.o(.text)
    FMC_IRQHandler                           0x08000243   Thumb Code     0  startup_stm32f405xx.o(.text)
    FPU_IRQHandler                           0x08000243   Thumb Code     0  startup_stm32f405xx.o(.text)
    HASH_RNG_IRQHandler                      0x08000243   Thumb Code     0  startup_stm32f405xx.o(.text)
    I2C1_ER_IRQHandler                       0x08000243   Thumb Code     0  startup_stm32f405xx.o(.text)
    I2C1_EV_IRQHandler                       0x08000243   Thumb Code     0  startup_stm32f405xx.o(.text)
    I2C2_ER_IRQHandler                       0x08000243   Thumb Code     0  startup_stm32f405xx.o(.text)
    I2C2_EV_IRQHandler                       0x08000243   Thumb Code     0  startup_stm32f405xx.o(.text)
    I2C3_ER_IRQHandler                       0x08000243   Thumb Code     0  startup_stm32f405xx.o(.text)
    I2C3_EV_IRQHandler                       0x08000243   Thumb Code     0  startup_stm32f405xx.o(.text)
    OTG_FS_IRQHandler                        0x08000243   Thumb Code     0  startup_stm32f405xx.o(.text)
    OTG_FS_WKUP_IRQHandler                   0x08000243   Thumb Code     0  startup_stm32f405xx.o(.text)
    OTG_HS_EP1_IN_IRQHandler                 0x08000243   Thumb Code     0  startup_stm32f405xx.o(.text)
    OTG_HS_EP1_OUT_IRQHandler                0x08000243   Thumb Code     0  startup_stm32f405xx.o(.text)
    OTG_HS_IRQHandler                        0x08000243   Thumb Code     0  startup_stm32f405xx.o(.text)
    OTG_HS_WKUP_IRQHandler                   0x08000243   Thumb Code     0  startup_stm32f405xx.o(.text)
    PVD_IRQHandler                           0x08000243   Thumb Code     0  startup_stm32f405xx.o(.text)
    RCC_IRQHandler                           0x08000243   Thumb Code     0  startup_stm32f405xx.o(.text)
    RTC_Alarm_IRQHandler                     0x08000243   Thumb Code     0  startup_stm32f405xx.o(.text)
    RTC_WKUP_IRQHandler                      0x08000243   Thumb Code     0  startup_stm32f405xx.o(.text)
    SDIO_IRQHandler                          0x08000243   Thumb Code     0  startup_stm32f405xx.o(.text)
    SPI1_IRQHandler                          0x08000243   Thumb Code     0  startup_stm32f405xx.o(.text)
    SPI2_IRQHandler                          0x08000243   Thumb Code     0  startup_stm32f405xx.o(.text)
    SPI3_IRQHandler                          0x08000243   Thumb Code     0  startup_stm32f405xx.o(.text)
    TAMP_STAMP_IRQHandler                    0x08000243   Thumb Code     0  startup_stm32f405xx.o(.text)
    TIM1_BRK_TIM9_IRQHandler                 0x08000243   Thumb Code     0  startup_stm32f405xx.o(.text)
    TIM1_CC_IRQHandler                       0x08000243   Thumb Code     0  startup_stm32f405xx.o(.text)
    TIM1_TRG_COM_TIM11_IRQHandler            0x08000243   Thumb Code     0  startup_stm32f405xx.o(.text)
    TIM3_IRQHandler                          0x08000243   Thumb Code     0  startup_stm32f405xx.o(.text)
    TIM4_IRQHandler                          0x08000243   Thumb Code     0  startup_stm32f405xx.o(.text)
    TIM5_IRQHandler                          0x08000243   Thumb Code     0  startup_stm32f405xx.o(.text)
    TIM6_DAC_IRQHandler                      0x08000243   Thumb Code     0  startup_stm32f405xx.o(.text)
    TIM7_IRQHandler                          0x08000243   Thumb Code     0  startup_stm32f405xx.o(.text)
    TIM8_BRK_TIM12_IRQHandler                0x08000243   Thumb Code     0  startup_stm32f405xx.o(.text)
    TIM8_CC_IRQHandler                       0x08000243   Thumb Code     0  startup_stm32f405xx.o(.text)
    TIM8_TRG_COM_TIM14_IRQHandler            0x08000243   Thumb Code     0  startup_stm32f405xx.o(.text)
    TIM8_UP_TIM13_IRQHandler                 0x08000243   Thumb Code     0  startup_stm32f405xx.o(.text)
    UART4_IRQHandler                         0x08000243   Thumb Code     0  startup_stm32f405xx.o(.text)
    UART5_IRQHandler                         0x08000243   Thumb Code     0  startup_stm32f405xx.o(.text)
    USART2_IRQHandler                        0x08000243   Thumb Code     0  startup_stm32f405xx.o(.text)
    USART3_IRQHandler                        0x08000243   Thumb Code     0  startup_stm32f405xx.o(.text)
    USART6_IRQHandler                        0x08000243   Thumb Code     0  startup_stm32f405xx.o(.text)
    WWDG_IRQHandler                          0x08000243   Thumb Code     0  startup_stm32f405xx.o(.text)
    __user_initial_stackheap                 0x08000245   Thumb Code     0  startup_stm32f405xx.o(.text)
    __aeabi_uldivmod                         0x08000269   Thumb Code     0  lludivv7m.o(.text)
    _ll_udiv                                 0x08000269   Thumb Code   240  lludivv7m.o(.text)
    __aeabi_memclr4                          0x08000359   Thumb Code     0  rt_memclr_w.o(.text)
    __aeabi_memclr8                          0x08000359   Thumb Code     0  rt_memclr_w.o(.text)
    __rt_memclr_w                            0x08000359   Thumb Code     0  rt_memclr_w.o(.text)
    _memset_w                                0x0800035d   Thumb Code    74  rt_memclr_w.o(.text)
    __use_two_region_memory                  0x080003a7   Thumb Code     2  heapauxi.o(.text)
    __rt_heap_escrow$2region                 0x080003a9   Thumb Code     2  heapauxi.o(.text)
    __rt_heap_expand$2region                 0x080003ab   Thumb Code     2  heapauxi.o(.text)
    __user_setup_stackheap                   0x080003ad   Thumb Code    74  sys_stackheap_outer.o(.text)
    exit                                     0x080003f7   Thumb Code    18  exit.o(.text)
    __user_libspace                          0x08000409   Thumb Code     8  libspace.o(.text)
    __user_perproc_libspace                  0x08000409   Thumb Code     0  libspace.o(.text)
    __user_perthread_libspace                0x08000409   Thumb Code     0  libspace.o(.text)
    _sys_exit                                0x08000411   Thumb Code     8  sys_exit.o(.text)
    __I$use$semihosting                      0x0800041d   Thumb Code     0  use_no_semi.o(.text)
    __use_no_semihosting_swi                 0x0800041d   Thumb Code     2  use_no_semi.o(.text)
    __semihosting_library_function           0x0800041f   Thumb Code     0  indicate_semi.o(.text)
    BeepTask                                 0x08000421   Thumb Code   294  beeptask.o(.text.BeepTask)
    BusFault_Handler                         0x08000549   Thumb Code     4  stm32f4xx_it.o(.text.BusFault_Handler)
    CAN1_RX0_IRQHandler                      0x0800054d   Thumb Code    16  stm32f4xx_it.o(.text.CAN1_RX0_IRQHandler)
    CAN1_RX1_IRQHandler                      0x0800055d   Thumb Code    16  stm32f4xx_it.o(.text.CAN1_RX1_IRQHandler)
    CAN2_RX0_IRQHandler                      0x0800056d   Thumb Code    16  stm32f4xx_it.o(.text.CAN2_RX0_IRQHandler)
    CAN2_RX1_IRQHandler                      0x0800057d   Thumb Code    16  stm32f4xx_it.o(.text.CAN2_RX1_IRQHandler)
    ChangeDataByte                           0x0800058d   Thumb Code    34  motor.o(.text.ChangeDataByte)
    DJmotor_AngleCalculate                   0x08000659   Thumb Code   284  motor.o(.text.DJmotor_AngleCalculate)
    DJmotor_CurrentTransmit                  0x08000775   Thumb Code   174  motor.o(.text.DJmotor_CurrentTransmit)
    DJmotor_Func                             0x08000825   Thumb Code   346  motor.o(.text.DJmotor_Func)
    DJmotor_Init                             0x0800098d   Thumb Code   772  motor.o(.text.DJmotor_Init)
    DJmotor_PositionMode                     0x08000d81   Thumb Code   520  motor.o(.text.DJmotor_PositionMode)
    DJmotor_Receive                          0x08000f89   Thumb Code   324  motor.o(.text.DJmotor_Receive)
    DJmotor_SetZero                          0x080010cd   Thumb Code    30  motor.o(.text.DJmotor_SetZero)
    DJmotor_SpeedMode                        0x080010ed   Thumb Code   206  motor.o(.text.DJmotor_SpeedMode)
    DJmotor_ZeroMode                         0x08001231   Thumb Code   496  motor.o(.text.DJmotor_ZeroMode)
    DMA2_Stream2_IRQHandler                  0x08001421   Thumb Code    16  stm32f4xx_it.o(.text.DMA2_Stream2_IRQHandler)
    DebugMon_Handler                         0x08001481   Thumb Code     2  stm32f4xx_it.o(.text.DebugMon_Handler)
    EXTI15_10_IRQHandler                     0x08001485   Thumb Code    12  stm32f4xx_it.o(.text.EXTI15_10_IRQHandler)
    Error_Handler                            0x08001491   Thumb Code     6  main.o(.text.Error_Handler)
    Gripper_RecvCmd                          0x08001669   Thumb Code   170  gripper.o(.text.Gripper_RecvCmd)
    Gripper_Task                             0x08001715   Thumb Code   100  gripper.o(.text.Gripper_Task)
    HAL_CAN_ActivateNotification             0x08001779   Thumb Code    82  stm32f4xx_hal_can.o(.text.HAL_CAN_ActivateNotification)
    HAL_CAN_AddTxMessage                     0x080017cd   Thumb Code   342  stm32f4xx_hal_can.o(.text.HAL_CAN_AddTxMessage)
    HAL_CAN_ConfigFilter                     0x08001925   Thumb Code   414  stm32f4xx_hal_can.o(.text.HAL_CAN_ConfigFilter)
    HAL_CAN_ErrorCallback                    0x08001ac5   Thumb Code     8  stm32f4xx_hal_can.o(.text.HAL_CAN_ErrorCallback)
    HAL_CAN_GetRxMessage                     0x08001acd   Thumb Code   530  stm32f4xx_hal_can.o(.text.HAL_CAN_GetRxMessage)
    HAL_CAN_IRQHandler                       0x08001ce1   Thumb Code  1010  stm32f4xx_hal_can.o(.text.HAL_CAN_IRQHandler)
    HAL_CAN_Init                             0x080020d5   Thumb Code   478  stm32f4xx_hal_can.o(.text.HAL_CAN_Init)
    HAL_CAN_MspInit                          0x080022b5   Thumb Code   430  can.o(.text.HAL_CAN_MspInit)
    HAL_CAN_RxFifo0FullCallback              0x08002465   Thumb Code     8  stm32f4xx_hal_can.o(.text.HAL_CAN_RxFifo0FullCallback)
    HAL_CAN_RxFifo0MsgPendingCallback        0x0800246d   Thumb Code   430  can_irqhandler.o(.text.HAL_CAN_RxFifo0MsgPendingCallback)
    HAL_CAN_RxFifo1FullCallback              0x0800261d   Thumb Code     8  stm32f4xx_hal_can.o(.text.HAL_CAN_RxFifo1FullCallback)
    HAL_CAN_RxFifo1MsgPendingCallback        0x08002625   Thumb Code     8  stm32f4xx_hal_can.o(.text.HAL_CAN_RxFifo1MsgPendingCallback)
    HAL_CAN_SleepCallback                    0x0800262d   Thumb Code     8  stm32f4xx_hal_can.o(.text.HAL_CAN_SleepCallback)
    HAL_CAN_Start                            0x08002635   Thumb Code   138  stm32f4xx_hal_can.o(.text.HAL_CAN_Start)
    HAL_CAN_TxMailbox0AbortCallback          0x080026c1   Thumb Code     8  stm32f4xx_hal_can.o(.text.HAL_CAN_TxMailbox0AbortCallback)
    HAL_CAN_TxMailbox0CompleteCallback       0x080026c9   Thumb Code     8  stm32f4xx_hal_can.o(.text.HAL_CAN_TxMailbox0CompleteCallback)
    HAL_CAN_TxMailbox1AbortCallback          0x080026d1   Thumb Code     8  stm32f4xx_hal_can.o(.text.HAL_CAN_TxMailbox1AbortCallback)
    HAL_CAN_TxMailbox1CompleteCallback       0x080026d9   Thumb Code     8  stm32f4xx_hal_can.o(.text.HAL_CAN_TxMailbox1CompleteCallback)
    HAL_CAN_TxMailbox2AbortCallback          0x080026e1   Thumb Code     8  stm32f4xx_hal_can.o(.text.HAL_CAN_TxMailbox2AbortCallback)
    HAL_CAN_TxMailbox2CompleteCallback       0x080026e9   Thumb Code     8  stm32f4xx_hal_can.o(.text.HAL_CAN_TxMailbox2CompleteCallback)
    HAL_CAN_WakeUpFromRxMsgCallback          0x080026f1   Thumb Code     8  stm32f4xx_hal_can.o(.text.HAL_CAN_WakeUpFromRxMsgCallback)
    HAL_DMA_Abort                            0x080026f9   Thumb Code   236  stm32f4xx_hal_dma.o(.text.HAL_DMA_Abort)
    HAL_DMA_Abort_IT                         0x080027e5   Thumb Code    68  stm32f4xx_hal_dma.o(.text.HAL_DMA_Abort_IT)
    HAL_DMA_IRQHandler                       0x08002829   Thumb Code   798  stm32f4xx_hal_dma.o(.text.HAL_DMA_IRQHandler)
    HAL_DMA_Start_IT                         0x08002b49   Thumb Code   194  stm32f4xx_hal_dma.o(.text.HAL_DMA_Start_IT)
    HAL_Delay                                0x08002c0d   Thumb Code    66  stm32f4xx_hal.o(.text.HAL_Delay)
    HAL_GPIO_EXTI_Callback                   0x08002c51   Thumb Code    10  stm32f4xx_hal_gpio.o(.text.HAL_GPIO_EXTI_Callback)
    HAL_GPIO_EXTI_IRQHandler                 0x08002c5d   Thumb Code    56  stm32f4xx_hal_gpio.o(.text.HAL_GPIO_EXTI_IRQHandler)
    HAL_GPIO_Init                            0x08002c95   Thumb Code   950  stm32f4xx_hal_gpio.o(.text.HAL_GPIO_Init)
    HAL_GPIO_WritePin                        0x0800304d   Thumb Code    46  stm32f4xx_hal_gpio.o(.text.HAL_GPIO_WritePin)
    HAL_GetTick                              0x0800307d   Thumb Code    12  stm32f4xx_hal.o(.text.HAL_GetTick)
    HAL_IncTick                              0x08003089   Thumb Code    26  stm32f4xx_hal.o(.text.HAL_IncTick)
    HAL_Init                                 0x080030a5   Thumb Code    54  stm32f4xx_hal.o(.text.HAL_Init)
    HAL_InitTick                             0x080030dd   Thumb Code   218  stm32f4xx_hal_timebase_tim.o(.text.HAL_InitTick)
    HAL_MspInit                              0x080031b9   Thumb Code    74  stm32f4xx_hal_msp.o(.text.HAL_MspInit)
    HAL_NVIC_EnableIRQ                       0x08003205   Thumb Code    20  stm32f4xx_hal_cortex.o(.text.HAL_NVIC_EnableIRQ)
    HAL_NVIC_SetPriority                     0x08003219   Thumb Code    50  stm32f4xx_hal_cortex.o(.text.HAL_NVIC_SetPriority)
    HAL_NVIC_SetPriorityGrouping             0x0800324d   Thumb Code    16  stm32f4xx_hal_cortex.o(.text.HAL_NVIC_SetPriorityGrouping)
    HAL_RCC_ClockConfig                      0x0800325d   Thumb Code   610  stm32f4xx_hal_rcc.o(.text.HAL_RCC_ClockConfig)
    HAL_RCC_GetClockConfig                   0x080034c1   Thumb Code    84  stm32f4xx_hal_rcc.o(.text.HAL_RCC_GetClockConfig)
    HAL_RCC_GetHCLKFreq                      0x08003515   Thumb Code    12  stm32f4xx_hal_rcc.o(.text.HAL_RCC_GetHCLKFreq)
    HAL_RCC_GetPCLK2Freq                     0x08003521   Thumb Code    34  stm32f4xx_hal_rcc.o(.text.HAL_RCC_GetPCLK2Freq)
    HAL_RCC_GetSysClockFreq                  0x08003545   Thumb Code   230  stm32f4xx_hal_rcc.o(.text.HAL_RCC_GetSysClockFreq)
    HAL_RCC_OscConfig                        0x0800362d   Thumb Code  1726  stm32f4xx_hal_rcc.o(.text.HAL_RCC_OscConfig)
    HAL_TIMEx_BreakCallback                  0x08003ced   Thumb Code     8  stm32f4xx_hal_tim_ex.o(.text.HAL_TIMEx_BreakCallback)
    HAL_TIMEx_CommutCallback                 0x08003cf5   Thumb Code     8  stm32f4xx_hal_tim_ex.o(.text.HAL_TIMEx_CommutCallback)
    HAL_TIMEx_MasterConfigSynchronization    0x08003cfd   Thumb Code   290  stm32f4xx_hal_tim_ex.o(.text.HAL_TIMEx_MasterConfigSynchronization)
    HAL_TIM_Base_Init                        0x08003e21   Thumb Code   156  stm32f4xx_hal_tim.o(.text.HAL_TIM_Base_Init)
    HAL_TIM_Base_MspInit                     0x08003ebd   Thumb Code   132  tim.o(.text.HAL_TIM_Base_MspInit)
    HAL_TIM_Base_Start_IT                    0x08003f41   Thumb Code   246  stm32f4xx_hal_tim.o(.text.HAL_TIM_Base_Start_IT)
    HAL_TIM_ConfigClockSource                0x08004039   Thumb Code   388  stm32f4xx_hal_tim.o(.text.HAL_TIM_ConfigClockSource)
    HAL_TIM_IC_CaptureCallback               0x080041bd   Thumb Code     8  stm32f4xx_hal_tim.o(.text.HAL_TIM_IC_CaptureCallback)
    HAL_TIM_IRQHandler                       0x080041c5   Thumb Code   538  stm32f4xx_hal_tim.o(.text.HAL_TIM_IRQHandler)
    HAL_TIM_OC_DelayElapsedCallback          0x080043e1   Thumb Code     8  stm32f4xx_hal_tim.o(.text.HAL_TIM_OC_DelayElapsedCallback)
    HAL_TIM_PWM_PulseFinishedCallback        0x080043e9   Thumb Code     8  stm32f4xx_hal_tim.o(.text.HAL_TIM_PWM_PulseFinishedCallback)
    HAL_TIM_PeriodElapsedCallback            0x080043f1   Thumb Code    38  main.o(.text.HAL_TIM_PeriodElapsedCallback)
    HAL_TIM_TriggerCallback                  0x08004419   Thumb Code     8  stm32f4xx_hal_tim.o(.text.HAL_TIM_TriggerCallback)
    HAL_UARTEx_ReceiveToIdle_DMA             0x08004421   Thumb Code   184  stm32f4xx_hal_uart.o(.text.HAL_UARTEx_ReceiveToIdle_DMA)
    HAL_UARTEx_RxEventCallback               0x080044d9   Thumb Code   158  uart_irqhandler.o(.text.HAL_UARTEx_RxEventCallback)
    HAL_UART_ErrorCallback                   0x08004579   Thumb Code     8  stm32f4xx_hal_uart.o(.text.HAL_UART_ErrorCallback)
    HAL_UART_IRQHandler                      0x08004581   Thumb Code  1116  stm32f4xx_hal_uart.o(.text.HAL_UART_IRQHandler)
    HAL_UART_RxCpltCallback                  0x080049dd   Thumb Code     8  stm32f4xx_hal_uart.o(.text.HAL_UART_RxCpltCallback)
    HAL_UART_RxHalfCpltCallback              0x080049e5   Thumb Code     8  stm32f4xx_hal_uart.o(.text.HAL_UART_RxHalfCpltCallback)
    HAL_UART_TxCpltCallback                  0x080049ed   Thumb Code     8  stm32f4xx_hal_uart.o(.text.HAL_UART_TxCpltCallback)
    HardFault_Handler                        0x080049f5   Thumb Code     4  stm32f4xx_it.o(.text.HardFault_Handler)
    LedTask                                  0x080049f9   Thumb Code   380  ledtask.o(.text.LedTask)
    MX_CAN1_Init                             0x08004c11   Thumb Code   198  can.o(.text.MX_CAN1_Init)
    MX_CAN2_Init                             0x08004cd9   Thumb Code   266  can.o(.text.MX_CAN2_Init)
    MX_DMA_Init                              0x08004de5   Thumb Code    60  dma.o(.text.MX_DMA_Init)
    MX_GPIO_Init                             0x08004e21   Thumb Code   280  gpio.o(.text.MX_GPIO_Init)
    MX_TIM2_Init                             0x08004f39   Thumb Code   128  tim.o(.text.MX_TIM2_Init)
    MX_TIM3_Init                             0x08004fb9   Thumb Code   134  tim.o(.text.MX_TIM3_Init)
    MemManage_Handler                        0x08005041   Thumb Code     4  stm32f4xx_it.o(.text.MemManage_Handler)
    NMI_Handler                              0x08005045   Thumb Code     4  stm32f4xx_it.o(.text.NMI_Handler)
    PIDInit                                  0x080050b5   Thumb Code    84  pid.o(.text.PIDInit)
    PID_Calculate                            0x08005109   Thumb Code   308  pid.o(.text.PID_Calculate)
    PID_Reset                                0x0800523d   Thumb Code    26  pid.o(.text.PID_Reset)
    PendSV_Handler                           0x08005259   Thumb Code     2  stm32f4xx_it.o(.text.PendSV_Handler)
    SVC_Handler                              0x0800525d   Thumb Code     2  stm32f4xx_it.o(.text.SVC_Handler)
    SysTick_Handler                          0x080052b1   Thumb Code     2  stm32f4xx_it.o(.text.SysTick_Handler)
    SystemClock_Config                       0x080052b5   Thumb Code   190  main.o(.text.SystemClock_Config)
    SystemInit                               0x08005375   Thumb Code    18  system_stm32f4xx.o(.text.SystemInit)
    TIM1_UP_TIM10_IRQHandler                 0x08005389   Thumb Code    16  stm32f4xx_it.o(.text.TIM1_UP_TIM10_IRQHandler)
    TIM2_IRQHandler                          0x08005399   Thumb Code    16  stm32f4xx_it.o(.text.TIM2_IRQHandler)
    TIM_Base_SetConfig                       0x080053a9   Thumb Code   420  stm32f4xx_hal_tim.o(.text.TIM_Base_SetConfig)
    TIM_ETR_SetConfig                        0x0800554d   Thumb Code    52  stm32f4xx_hal_tim.o(.text.TIM_ETR_SetConfig)
    UART_Start_Receive_DMA                   0x08005a6d   Thumb Code   304  stm32f4xx_hal_uart.o(.text.UART_Start_Receive_DMA)
    USART1_IRQHandler                        0x08005c31   Thumb Code    16  stm32f4xx_it.o(.text.USART1_IRQHandler)
    USER_TIM_PeriodElapsedCallback           0x08005c41   Thumb Code   200  tim_irqhandler.o(.text.USER_TIM_PeriodElapsedCallback)
    UsageFault_Handler                       0x08005d09   Thumb Code     4  stm32f4xx_it.o(.text.UsageFault_Handler)
    main                                     0x08005ead   Thumb Code   140  main.o(.text.main)
    register_updata                          0x08005f39   Thumb Code   166  solenoid.o(.text.register_updata)
    solenoid_channel_init                    0x08005fe1   Thumb Code    46  solenoid.o(.text.solenoid_channel_init)
    solenoid_init                            0x08006011   Thumb Code   382  solenoid.o(.text.solenoid_init)
    solenoid_on                              0x08006191   Thumb Code   114  solenoid.o(.text.solenoid_on)
    _fp_init                                 0x08006203   Thumb Code    26  fpinit.o(x$fpl$fpinit)
    __fplib_config_fpu_vfp                   0x0800621b   Thumb Code     0  fpinit.o(x$fpl$fpinit)
    __fplib_config_pureend_doubles           0x0800621b   Thumb Code     0  fpinit.o(x$fpl$fpinit)
    AHBPrescTable                            0x0800621c   Data          16  system_stm32f4xx.o(.rodata.AHBPrescTable)
    APBPrescTable                            0x0800622c   Data           8  system_stm32f4xx.o(.rodata.APBPrescTable)
    Region$$Table$$Base                      0x08006238   Number         0  anon$$obj.o(Region$$Table)
    Region$$Table$$Limit                     0x08006258   Number         0  anon$$obj.o(Region$$Table)
    SystemCoreClock                          0x20000000   Data           4  system_stm32f4xx.o(.data.SystemCoreClock)
    uwTickFreq                               0x20000004   Data           1  stm32f4xx_hal.o(.data.uwTickFreq)
    uwTickPrio                               0x20000008   Data           4  stm32f4xx_hal.o(.data.uwTickPrio)
    __libspace_start                         0x20000010   Data          96  libspace.o(.bss)
    Beep_Trigger                             0x20000070   Data           2  uart_irqhandler.o(.bss.Beep_Trigger)
    __temporary_stack_top$libspace           0x20000070   Data           0  libspace.o(.bss)
    DJmotor                                  0x20000074   Data        1072  motor.o(.bss.DJmotor)
    RxData                                   0x200004b4   Data           8  can_irqhandler.o(.bss.RxData)
    RxHeader                                 0x200004bc   Data          28  can_irqhandler.o(.bss.RxHeader)
    beep_count_off                           0x200004d8   Data           2  beeptask.o(.bss.beep_count_off)
    beep_count_on                            0x200004da   Data           2  beeptask.o(.bss.beep_count_on)
    bp_done                                  0x200004dc   Data           1  beeptask.o(.bss.bp_done)
    bp_total                                 0x200004de   Data           1  beeptask.o(.bss.bp_total)
    g_beep_count                             0x200004df   Data           1  can_irqhandler.o(.bss.g_beep_count)
    g_beep_new                               0x200004e0   Data           1  can_irqhandler.o(.bss.g_beep_new)
    g_led_cmd                                0x200004fc   Data           1  can_irqhandler.o(.bss.g_led_cmd)
    g_led_new                                0x200004fd   Data           1  can_irqhandler.o(.bss.g_led_new)
    hcan1                                    0x20000500   Data          40  can.o(.bss.hcan1)
    hcan2                                    0x20000528   Data          40  can.o(.bss.hcan2)
    hdma_usart1_rx                           0x20000550   Data          96  usart.o(.bss.hdma_usart1_rx)
    htim1                                    0x200005b0   Data          72  stm32f4xx_hal_timebase_tim.o(.bss.htim1)
    htim2                                    0x200005f8   Data          72  tim.o(.bss.htim2)
    htim3                                    0x20000640   Data          72  tim.o(.bss.htim3)
    huart1                                   0x20000688   Data          72  usart.o(.bss.huart1)
    rx_buffer                                0x200006e3   Data           5  uart_irqhandler.o(.bss.rx_buffer)
    solenoid_Channel1                        0x200006e8   Data          12  solenoid.o(.bss.solenoid_Channel1)
    solenoid_Channel2                        0x200006f4   Data          12  solenoid.o(.bss.solenoid_Channel2)
    solenoid_Channel3                        0x20000700   Data          12  solenoid.o(.bss.solenoid_Channel3)
    uwTick                                   0x2000070c   Data           4  stm32f4xx_hal.o(.bss.uwTick)



==============================================================================

Memory Map of the image

  Image Entry point : 0x08000189

  Load Region LR_IROM1 (Base: 0x08000000, Size: 0x00006268, Max: 0x00100000, ABSOLUTE)

    Execution Region ER_IROM1 (Exec base: 0x08000000, Load base: 0x08000000, Size: 0x00006258, Max: 0x00100000, ABSOLUTE)

    Exec Addr    Load Addr    Size         Type   Attr      Idx    E Section Name        Object

    0x08000000   0x08000000   0x00000188   Data   RO            3    RESET               startup_stm32f405xx.o
    0x08000188   0x08000188   0x00000008   Code   RO         1377  * !!!main             c_w.l(__main.o)
    0x08000190   0x08000190   0x00000034   Code   RO         1571    !!!scatter          c_w.l(__scatter.o)
    0x080001c4   0x080001c4   0x0000001a   Code   RO         1573    !!handler_copy      c_w.l(__scatter_copy.o)
    0x080001de   0x080001de   0x00000002   PAD
    0x080001e0   0x080001e0   0x0000001c   Code   RO         1575    !!handler_zi        c_w.l(__scatter_zi.o)
    0x080001fc   0x080001fc   0x00000002   Code   RO         1433    .ARM.Collect$$libinit$$00000000  c_w.l(libinit.o)
    0x080001fe   0x080001fe   0x00000004   Code   RO         1445    .ARM.Collect$$libinit$$00000001  c_w.l(libinit2.o)
    0x08000202   0x08000202   0x00000000   Code   RO         1448    .ARM.Collect$$libinit$$00000004  c_w.l(libinit2.o)
    0x08000202   0x08000202   0x00000000   Code   RO         1450    .ARM.Collect$$libinit$$00000006  c_w.l(libinit2.o)
    0x08000202   0x08000202   0x00000000   Code   RO         1453    .ARM.Collect$$libinit$$0000000C  c_w.l(libinit2.o)
    0x08000202   0x08000202   0x00000000   Code   RO         1455    .ARM.Collect$$libinit$$0000000E  c_w.l(libinit2.o)
    0x08000202   0x08000202   0x00000000   Code   RO         1457    .ARM.Collect$$libinit$$00000010  c_w.l(libinit2.o)
    0x08000202   0x08000202   0x00000000   Code   RO         1460    .ARM.Collect$$libinit$$00000013  c_w.l(libinit2.o)
    0x08000202   0x08000202   0x00000000   Code   RO         1462    .ARM.Collect$$libinit$$00000015  c_w.l(libinit2.o)
    0x08000202   0x08000202   0x00000000   Code   RO         1464    .ARM.Collect$$libinit$$00000017  c_w.l(libinit2.o)
    0x08000202   0x08000202   0x00000000   Code   RO         1466    .ARM.Collect$$libinit$$00000019  c_w.l(libinit2.o)
    0x08000202   0x08000202   0x00000000   Code   RO         1468    .ARM.Collect$$libinit$$0000001B  c_w.l(libinit2.o)
    0x08000202   0x08000202   0x00000000   Code   RO         1470    .ARM.Collect$$libinit$$0000001D  c_w.l(libinit2.o)
    0x08000202   0x08000202   0x00000000   Code   RO         1472    .ARM.Collect$$libinit$$0000001F  c_w.l(libinit2.o)
    0x08000202   0x08000202   0x00000000   Code   RO         1474    .ARM.Collect$$libinit$$00000021  c_w.l(libinit2.o)
    0x08000202   0x08000202   0x00000000   Code   RO         1476    .ARM.Collect$$libinit$$00000023  c_w.l(libinit2.o)
    0x08000202   0x08000202   0x00000000   Code   RO         1478    .ARM.Collect$$libinit$$00000025  c_w.l(libinit2.o)
    0x08000202   0x08000202   0x00000000   Code   RO         1480    .ARM.Collect$$libinit$$00000027  c_w.l(libinit2.o)
    0x08000202   0x08000202   0x00000000   Code   RO         1484    .ARM.Collect$$libinit$$0000002E  c_w.l(libinit2.o)
    0x08000202   0x08000202   0x00000000   Code   RO         1486    .ARM.Collect$$libinit$$00000030  c_w.l(libinit2.o)
    0x08000202   0x08000202   0x00000000   Code   RO         1488    .ARM.Collect$$libinit$$00000032  c_w.l(libinit2.o)
    0x08000202   0x08000202   0x00000000   Code   RO         1490    .ARM.Collect$$libinit$$00000034  c_w.l(libinit2.o)
    0x08000202   0x08000202   0x00000002   Code   RO         1491    .ARM.Collect$$libinit$$00000035  c_w.l(libinit2.o)
    0x08000204   0x08000204   0x00000002   Code   RO         1526    .ARM.Collect$$libshutdown$$00000000  c_w.l(libshutdown.o)
    0x08000206   0x08000206   0x00000000   Code   RO         1554    .ARM.Collect$$libshutdown$$00000002  c_w.l(libshutdown2.o)
    0x08000206   0x08000206   0x00000000   Code   RO         1556    .ARM.Collect$$libshutdown$$00000004  c_w.l(libshutdown2.o)
    0x08000206   0x08000206   0x00000000   Code   RO         1559    .ARM.Collect$$libshutdown$$00000007  c_w.l(libshutdown2.o)
    0x08000206   0x08000206   0x00000000   Code   RO         1562    .ARM.Collect$$libshutdown$$0000000A  c_w.l(libshutdown2.o)
    0x08000206   0x08000206   0x00000000   Code   RO         1564    .ARM.Collect$$libshutdown$$0000000C  c_w.l(libshutdown2.o)
    0x08000206   0x08000206   0x00000000   Code   RO         1567    .ARM.Collect$$libshutdown$$0000000F  c_w.l(libshutdown2.o)
    0x08000206   0x08000206   0x00000002   Code   RO         1568    .ARM.Collect$$libshutdown$$00000010  c_w.l(libshutdown2.o)
    0x08000208   0x08000208   0x00000000   Code   RO         1383    .ARM.Collect$$rtentry$$00000000  c_w.l(__rtentry.o)
    0x08000208   0x08000208   0x00000000   Code   RO         1400    .ARM.Collect$$rtentry$$00000002  c_w.l(__rtentry2.o)
    0x08000208   0x08000208   0x00000006   Code   RO         1412    .ARM.Collect$$rtentry$$00000004  c_w.l(__rtentry4.o)
    0x0800020e   0x0800020e   0x00000000   Code   RO         1402    .ARM.Collect$$rtentry$$00000009  c_w.l(__rtentry2.o)
    0x0800020e   0x0800020e   0x00000004   Code   RO         1403    .ARM.Collect$$rtentry$$0000000A  c_w.l(__rtentry2.o)
    0x08000212   0x08000212   0x00000000   Code   RO         1405    .ARM.Collect$$rtentry$$0000000C  c_w.l(__rtentry2.o)
    0x08000212   0x08000212   0x00000008   Code   RO         1406    .ARM.Collect$$rtentry$$0000000D  c_w.l(__rtentry2.o)
    0x0800021a   0x0800021a   0x00000002   Code   RO         1437    .ARM.Collect$$rtexit$$00000000  c_w.l(rtexit.o)
    0x0800021c   0x0800021c   0x00000000   Code   RO         1497    .ARM.Collect$$rtexit$$00000002  c_w.l(rtexit2.o)
    0x0800021c   0x0800021c   0x00000004   Code   RO         1498    .ARM.Collect$$rtexit$$00000003  c_w.l(rtexit2.o)
    0x08000220   0x08000220   0x00000006   Code   RO         1499    .ARM.Collect$$rtexit$$00000004  c_w.l(rtexit2.o)
    0x08000226   0x08000226   0x00000002   PAD
    0x08000228   0x08000228   0x00000040   Code   RO            4    .text               startup_stm32f405xx.o
    0x08000268   0x08000268   0x000000f0   Code   RO         1371    .text               c_w.l(lludivv7m.o)
    0x08000358   0x08000358   0x0000004e   Code   RO         1373    .text               c_w.l(rt_memclr_w.o)
    0x080003a6   0x080003a6   0x00000006   Code   RO         1375    .text               c_w.l(heapauxi.o)
    0x080003ac   0x080003ac   0x0000004a   Code   RO         1420    .text               c_w.l(sys_stackheap_outer.o)
    0x080003f6   0x080003f6   0x00000012   Code   RO         1422    .text               c_w.l(exit.o)
    0x08000408   0x08000408   0x00000008   Code   RO         1434    .text               c_w.l(libspace.o)
    0x08000410   0x08000410   0x0000000c   Code   RO         1492    .text               c_w.l(sys_exit.o)
    0x0800041c   0x0800041c   0x00000002   Code   RO         1515    .text               c_w.l(use_no_semi.o)
    0x0800041e   0x0800041e   0x00000000   Code   RO         1517    .text               c_w.l(indicate_semi.o)
    0x0800041e   0x0800041e   0x00000002   PAD
    0x08000420   0x08000420   0x00000126   Code   RO         1196    .text.BeepTask      beeptask.o
    0x08000546   0x08000546   0x00000002   PAD
    0x08000548   0x08000548   0x00000004   Code   RO          103    .text.BusFault_Handler  stm32f4xx_it.o
    0x0800054c   0x0800054c   0x00000010   Code   RO          115    .text.CAN1_RX0_IRQHandler  stm32f4xx_it.o
    0x0800055c   0x0800055c   0x00000010   Code   RO          117    .text.CAN1_RX1_IRQHandler  stm32f4xx_it.o
    0x0800056c   0x0800056c   0x00000010   Code   RO          129    .text.CAN2_RX0_IRQHandler  stm32f4xx_it.o
    0x0800057c   0x0800057c   0x00000010   Code   RO          131    .text.CAN2_RX1_IRQHandler  stm32f4xx_it.o
    0x0800058c   0x0800058c   0x00000022   Code   RO         1288    .text.ChangeDataByte  motor.o
    0x080005ae   0x080005ae   0x00000002   PAD
    0x080005b0   0x080005b0   0x00000050   Code   RO         1316    .text.Clamp         motor.o
    0x08000600   0x08000600   0x00000058   Code   RO         1312    .text.ClampPeak     motor.o
    0x08000658   0x08000658   0x0000011c   Code   RO         1298    .text.DJmotor_AngleCalculate  motor.o
    0x08000774   0x08000774   0x000000ae   Code   RO         1306    .text.DJmotor_CurrentTransmit  motor.o
    0x08000822   0x08000822   0x00000002   PAD
    0x08000824   0x08000824   0x0000015a   Code   RO         1320    .text.DJmotor_Func  motor.o
    0x0800097e   0x0800097e   0x00000002   PAD
    0x08000980   0x08000980   0x0000000a   Code   RO         1308    .text.DJmotor_GetCanHandle  motor.o
    0x0800098a   0x0800098a   0x00000002   PAD
    0x0800098c   0x0800098c   0x00000304   Code   RO         1290    .text.DJmotor_Init  motor.o
    0x08000c90   0x08000c90   0x000000a4   Code   RO         1322    .text.DJmotor_Monitor  motor.o
    0x08000d34   0x08000d34   0x0000004a   Code   RO         1292    .text.DJmotor_NeedAutoZero  motor.o
    0x08000d7e   0x08000d7e   0x00000002   PAD
    0x08000d80   0x08000d80   0x00000208   Code   RO         1314    .text.DJmotor_PositionMode  motor.o
    0x08000f88   0x08000f88   0x00000144   Code   RO         1302    .text.DJmotor_Receive  motor.o
    0x080010cc   0x080010cc   0x0000001e   Code   RO         1296    .text.DJmotor_SetZero  motor.o
    0x080010ea   0x080010ea   0x00000002   PAD
    0x080010ec   0x080010ec   0x000000ce   Code   RO         1310    .text.DJmotor_SpeedMode  motor.o
    0x080011ba   0x080011ba   0x00000002   PAD
    0x080011bc   0x080011bc   0x00000072   Code   RO         1324    .text.DJmotor_SwitchMode  motor.o
    0x0800122e   0x0800122e   0x00000002   PAD
    0x08001230   0x08001230   0x000001f0   Code   RO         1318    .text.DJmotor_ZeroMode  motor.o
    0x08001420   0x08001420   0x00000010   Code   RO          127    .text.DMA2_Stream2_IRQHandler  stm32f4xx_it.o
    0x08001430   0x08001430   0x00000050   Code   RO          761    .text.DMA_SetConfig  stm32f4xx_hal_dma.o
    0x08001480   0x08001480   0x00000002   Code   RO          109    .text.DebugMon_Handler  stm32f4xx_it.o
    0x08001482   0x08001482   0x00000002   PAD
    0x08001484   0x08001484   0x0000000c   Code   RO          125    .text.EXTI15_10_IRQHandler  stm32f4xx_it.o
    0x08001490   0x08001490   0x00000006   Code   RO           17    .text.Error_Handler  main.o
    0x08001496   0x08001496   0x00000002   PAD
    0x08001498   0x08001498   0x00000016   Code   RO         1300    .text.Get_Total_Ratio  motor.o
    0x080014ae   0x080014ae   0x00000002   PAD
    0x080014b0   0x080014b0   0x000001b6   Code   RO         1353    .text.Gripper_Execute  gripper.o
    0x08001666   0x08001666   0x00000002   PAD
    0x08001668   0x08001668   0x000000aa   Code   RO         1349    .text.Gripper_RecvCmd  gripper.o
    0x08001712   0x08001712   0x00000002   PAD
    0x08001714   0x08001714   0x00000064   Code   RO         1351    .text.Gripper_Task  gripper.o
    0x08001778   0x08001778   0x00000052   Code   RO          532    .text.HAL_CAN_ActivateNotification  stm32f4xx_hal_can.o
    0x080017ca   0x080017ca   0x00000002   PAD
    0x080017cc   0x080017cc   0x00000156   Code   RO          518    .text.HAL_CAN_AddTxMessage  stm32f4xx_hal_can.o
    0x08001922   0x08001922   0x00000002   PAD
    0x08001924   0x08001924   0x0000019e   Code   RO          508    .text.HAL_CAN_ConfigFilter  stm32f4xx_hal_can.o
    0x08001ac2   0x08001ac2   0x00000002   PAD
    0x08001ac4   0x08001ac4   0x00000008   Code   RO          562    .text.HAL_CAN_ErrorCallback  stm32f4xx_hal_can.o
    0x08001acc   0x08001acc   0x00000212   Code   RO          528    .text.HAL_CAN_GetRxMessage  stm32f4xx_hal_can.o
    0x08001cde   0x08001cde   0x00000002   PAD
    0x08001ce0   0x08001ce0   0x000003f2   Code   RO          536    .text.HAL_CAN_IRQHandler  stm32f4xx_hal_can.o
    0x080020d2   0x080020d2   0x00000002   PAD
    0x080020d4   0x080020d4   0x000001de   Code   RO          498    .text.HAL_CAN_Init  stm32f4xx_hal_can.o
    0x080022b2   0x080022b2   0x00000002   PAD
    0x080022b4   0x080022b4   0x000001ae   Code   RO           43    .text.HAL_CAN_MspInit  can.o
    0x08002462   0x08002462   0x00000002   PAD
    0x08002464   0x08002464   0x00000008   Code   RO          550    .text.HAL_CAN_RxFifo0FullCallback  stm32f4xx_hal_can.o
    0x0800246c   0x0800246c   0x000001ae   Code   RO         1160    .text.HAL_CAN_RxFifo0MsgPendingCallback  can_irqhandler.o
    0x0800261a   0x0800261a   0x00000002   PAD
    0x0800261c   0x0800261c   0x00000008   Code   RO          554    .text.HAL_CAN_RxFifo1FullCallback  stm32f4xx_hal_can.o
    0x08002624   0x08002624   0x00000008   Code   RO          556    .text.HAL_CAN_RxFifo1MsgPendingCallback  stm32f4xx_hal_can.o
    0x0800262c   0x0800262c   0x00000008   Code   RO          558    .text.HAL_CAN_SleepCallback  stm32f4xx_hal_can.o
    0x08002634   0x08002634   0x0000008a   Code   RO          510    .text.HAL_CAN_Start  stm32f4xx_hal_can.o
    0x080026be   0x080026be   0x00000002   PAD
    0x080026c0   0x080026c0   0x00000008   Code   RO          540    .text.HAL_CAN_TxMailbox0AbortCallback  stm32f4xx_hal_can.o
    0x080026c8   0x080026c8   0x00000008   Code   RO          538    .text.HAL_CAN_TxMailbox0CompleteCallback  stm32f4xx_hal_can.o
    0x080026d0   0x080026d0   0x00000008   Code   RO          544    .text.HAL_CAN_TxMailbox1AbortCallback  stm32f4xx_hal_can.o
    0x080026d8   0x080026d8   0x00000008   Code   RO          542    .text.HAL_CAN_TxMailbox1CompleteCallback  stm32f4xx_hal_can.o
    0x080026e0   0x080026e0   0x00000008   Code   RO          548    .text.HAL_CAN_TxMailbox2AbortCallback  stm32f4xx_hal_can.o
    0x080026e8   0x080026e8   0x00000008   Code   RO          546    .text.HAL_CAN_TxMailbox2CompleteCallback  stm32f4xx_hal_can.o
    0x080026f0   0x080026f0   0x00000008   Code   RO          560    .text.HAL_CAN_WakeUpFromRxMsgCallback  stm32f4xx_hal_can.o
    0x080026f8   0x080026f8   0x000000ec   Code   RO          765    .text.HAL_DMA_Abort  stm32f4xx_hal_dma.o
    0x080027e4   0x080027e4   0x00000044   Code   RO          767    .text.HAL_DMA_Abort_IT  stm32f4xx_hal_dma.o
    0x08002828   0x08002828   0x0000031e   Code   RO          771    .text.HAL_DMA_IRQHandler  stm32f4xx_hal_dma.o
    0x08002b46   0x08002b46   0x00000002   PAD
    0x08002b48   0x08002b48   0x000000c2   Code   RO          763    .text.HAL_DMA_Start_IT  stm32f4xx_hal_dma.o
    0x08002c0a   0x08002c0a   0x00000002   PAD
    0x08002c0c   0x08002c0c   0x00000042   Code   RO          946    .text.HAL_Delay     stm32f4xx_hal.o
    0x08002c4e   0x08002c4e   0x00000002   PAD
    0x08002c50   0x08002c50   0x0000000a   Code   RO          727    .text.HAL_GPIO_EXTI_Callback  stm32f4xx_hal_gpio.o
    0x08002c5a   0x08002c5a   0x00000002   PAD
    0x08002c5c   0x08002c5c   0x00000038   Code   RO          725    .text.HAL_GPIO_EXTI_IRQHandler  stm32f4xx_hal_gpio.o
    0x08002c94   0x08002c94   0x000003b6   Code   RO          713    .text.HAL_GPIO_Init  stm32f4xx_hal_gpio.o
    0x0800304a   0x0800304a   0x00000002   PAD
    0x0800304c   0x0800304c   0x0000002e   Code   RO          719    .text.HAL_GPIO_WritePin  stm32f4xx_hal_gpio.o
    0x0800307a   0x0800307a   0x00000002   PAD
    0x0800307c   0x0800307c   0x0000000c   Code   RO          938    .text.HAL_GetTick   stm32f4xx_hal.o
    0x08003088   0x08003088   0x0000001a   Code   RO          936    .text.HAL_IncTick   stm32f4xx_hal.o
    0x080030a2   0x080030a2   0x00000002   PAD
    0x080030a4   0x080030a4   0x00000036   Code   RO          926    .text.HAL_Init      stm32f4xx_hal.o
    0x080030da   0x080030da   0x00000002   PAD
    0x080030dc   0x080030dc   0x000000da   Code   RO          148    .text.HAL_InitTick  stm32f4xx_hal_timebase_tim.o
    0x080031b6   0x080031b6   0x00000002   PAD
    0x080031b8   0x080031b8   0x0000004a   Code   RO          140    .text.HAL_MspInit   stm32f4xx_hal_msp.o
    0x08003202   0x08003202   0x00000002   PAD
    0x08003204   0x08003204   0x00000014   Code   RO          861    .text.HAL_NVIC_EnableIRQ  stm32f4xx_hal_cortex.o
    0x08003218   0x08003218   0x00000032   Code   RO          853    .text.HAL_NVIC_SetPriority  stm32f4xx_hal_cortex.o
    0x0800324a   0x0800324a   0x00000002   PAD
    0x0800324c   0x0800324c   0x00000010   Code   RO          849    .text.HAL_NVIC_SetPriorityGrouping  stm32f4xx_hal_cortex.o
    0x0800325c   0x0800325c   0x00000262   Code   RO          581    .text.HAL_RCC_ClockConfig  stm32f4xx_hal_rcc.o
    0x080034be   0x080034be   0x00000002   PAD
    0x080034c0   0x080034c0   0x00000054   Code   RO          599    .text.HAL_RCC_GetClockConfig  stm32f4xx_hal_rcc.o
    0x08003514   0x08003514   0x0000000c   Code   RO          591    .text.HAL_RCC_GetHCLKFreq  stm32f4xx_hal_rcc.o
    0x08003520   0x08003520   0x00000022   Code   RO          595    .text.HAL_RCC_GetPCLK2Freq  stm32f4xx_hal_rcc.o
    0x08003542   0x08003542   0x00000002   PAD
    0x08003544   0x08003544   0x000000e6   Code   RO          583    .text.HAL_RCC_GetSysClockFreq  stm32f4xx_hal_rcc.o
    0x0800362a   0x0800362a   0x00000002   PAD
    0x0800362c   0x0800362c   0x000006be   Code   RO          579    .text.HAL_RCC_OscConfig  stm32f4xx_hal_rcc.o
    0x08003cea   0x08003cea   0x00000002   PAD
    0x08003cec   0x08003cec   0x00000008   Code   RO          485    .text.HAL_TIMEx_BreakCallback  stm32f4xx_hal_tim_ex.o
    0x08003cf4   0x08003cf4   0x00000008   Code   RO          481    .text.HAL_TIMEx_CommutCallback  stm32f4xx_hal_tim_ex.o
    0x08003cfc   0x08003cfc   0x00000122   Code   RO          475    .text.HAL_TIMEx_MasterConfigSynchronization  stm32f4xx_hal_tim_ex.o
    0x08003e1e   0x08003e1e   0x00000002   PAD
    0x08003e20   0x08003e20   0x0000009c   Code   RO          162    .text.HAL_TIM_Base_Init  stm32f4xx_hal_tim.o
    0x08003ebc   0x08003ebc   0x00000084   Code   RO           69    .text.HAL_TIM_Base_MspInit  tim.o
    0x08003f40   0x08003f40   0x000000f6   Code   RO          176    .text.HAL_TIM_Base_Start_IT  stm32f4xx_hal_tim.o
    0x08004036   0x08004036   0x00000002   PAD
    0x08004038   0x08004038   0x00000184   Code   RO          354    .text.HAL_TIM_ConfigClockSource  stm32f4xx_hal_tim.o
    0x080041bc   0x080041bc   0x00000008   Code   RO          298    .text.HAL_TIM_IC_CaptureCallback  stm32f4xx_hal_tim.o
    0x080041c4   0x080041c4   0x0000021a   Code   RO          296    .text.HAL_TIM_IRQHandler  stm32f4xx_hal_tim.o
    0x080043de   0x080043de   0x00000002   PAD
    0x080043e0   0x080043e0   0x00000008   Code   RO          300    .text.HAL_TIM_OC_DelayElapsedCallback  stm32f4xx_hal_tim.o
    0x080043e8   0x080043e8   0x00000008   Code   RO          302    .text.HAL_TIM_PWM_PulseFinishedCallback  stm32f4xx_hal_tim.o
    0x080043f0   0x080043f0   0x00000026   Code   RO           19    .text.HAL_TIM_PeriodElapsedCallback  main.o
    0x08004416   0x08004416   0x00000002   PAD
    0x08004418   0x08004418   0x00000008   Code   RO          306    .text.HAL_TIM_TriggerCallback  stm32f4xx_hal_tim.o
    0x08004420   0x08004420   0x000000b8   Code   RO         1069    .text.HAL_UARTEx_ReceiveToIdle_DMA  stm32f4xx_hal_uart.o
    0x080044d8   0x080044d8   0x0000009e   Code   RO         1184    .text.HAL_UARTEx_RxEventCallback  uart_irqhandler.o
    0x08004576   0x08004576   0x00000002   PAD
    0x08004578   0x08004578   0x00000008   Code   RO         1105    .text.HAL_UART_ErrorCallback  stm32f4xx_hal_uart.o
    0x08004580   0x08004580   0x0000045c   Code   RO         1099    .text.HAL_UART_IRQHandler  stm32f4xx_hal_uart.o
    0x080049dc   0x080049dc   0x00000008   Code   RO         1117    .text.HAL_UART_RxCpltCallback  stm32f4xx_hal_uart.o
    0x080049e4   0x080049e4   0x00000008   Code   RO         1119    .text.HAL_UART_RxHalfCpltCallback  stm32f4xx_hal_uart.o
    0x080049ec   0x080049ec   0x00000008   Code   RO         1113    .text.HAL_UART_TxCpltCallback  stm32f4xx_hal_uart.o
    0x080049f4   0x080049f4   0x00000004   Code   RO           99    .text.HardFault_Handler  stm32f4xx_it.o
    0x080049f8   0x080049f8   0x0000017c   Code   RO         1210    .text.LedTask       ledtask.o
    0x08004b74   0x08004b74   0x0000009c   Code   RO           15    .text.LowFreq_Task  main.o
    0x08004c10   0x08004c10   0x000000c6   Code   RO           39    .text.MX_CAN1_Init  can.o
    0x08004cd6   0x08004cd6   0x00000002   PAD
    0x08004cd8   0x08004cd8   0x0000010a   Code   RO           41    .text.MX_CAN2_Init  can.o
    0x08004de2   0x08004de2   0x00000002   PAD
    0x08004de4   0x08004de4   0x0000003c   Code   RO           57    .text.MX_DMA_Init   dma.o
    0x08004e20   0x08004e20   0x00000118   Code   RO           31    .text.MX_GPIO_Init  gpio.o
    0x08004f38   0x08004f38   0x00000080   Code   RO           65    .text.MX_TIM2_Init  tim.o
    0x08004fb8   0x08004fb8   0x00000086   Code   RO           67    .text.MX_TIM3_Init  tim.o
    0x0800503e   0x0800503e   0x00000002   PAD
    0x08005040   0x08005040   0x00000004   Code   RO          101    .text.MemManage_Handler  stm32f4xx_it.o
    0x08005044   0x08005044   0x00000004   Code   RO           97    .text.NMI_Handler   stm32f4xx_it.o
    0x08005048   0x08005048   0x0000006c   Code   RO          859    .text.NVIC_EncodePriority  stm32f4xx_hal_cortex.o
    0x080050b4   0x080050b4   0x00000054   Code   RO         1338    .text.PIDInit       pid.o
    0x08005108   0x08005108   0x00000134   Code   RO         1336    .text.PID_Calculate  pid.o
    0x0800523c   0x0800523c   0x0000001a   Code   RO         1340    .text.PID_Reset     pid.o
    0x08005256   0x08005256   0x00000002   PAD
    0x08005258   0x08005258   0x00000002   Code   RO          111    .text.PendSV_Handler  stm32f4xx_it.o
    0x0800525a   0x0800525a   0x00000002   PAD
    0x0800525c   0x0800525c   0x00000002   Code   RO          107    .text.SVC_Handler   stm32f4xx_it.o
    0x0800525e   0x0800525e   0x00000002   PAD
    0x08005260   0x08005260   0x00000050   Code   RO         1355    .text.Send_Feedback  gripper.o
    0x080052b0   0x080052b0   0x00000002   Code   RO          113    .text.SysTick_Handler  stm32f4xx_it.o
    0x080052b2   0x080052b2   0x00000002   PAD
    0x080052b4   0x080052b4   0x000000be   Code   RO           13    .text.SystemClock_Config  main.o
    0x08005372   0x08005372   0x00000002   PAD
    0x08005374   0x08005374   0x00000012   Code   RO         1146    .text.SystemInit    system_stm32f4xx.o
    0x08005386   0x08005386   0x00000002   PAD
    0x08005388   0x08005388   0x00000010   Code   RO          119    .text.TIM1_UP_TIM10_IRQHandler  stm32f4xx_it.o
    0x08005398   0x08005398   0x00000010   Code   RO          121    .text.TIM2_IRQHandler  stm32f4xx_it.o
    0x080053a8   0x080053a8   0x000001a4   Code   RO          166    .text.TIM_Base_SetConfig  stm32f4xx_hal_tim.o
    0x0800554c   0x0800554c   0x00000034   Code   RO          352    .text.TIM_ETR_SetConfig  stm32f4xx_hal_tim.o
    0x08005580   0x08005580   0x0000002a   Code   RO          358    .text.TIM_ITRx_SetConfig  stm32f4xx_hal_tim.o
    0x080055aa   0x080055aa   0x00000002   PAD
    0x080055ac   0x080055ac   0x00000050   Code   RO          356    .text.TIM_TI1_ConfigInputStage  stm32f4xx_hal_tim.o
    0x080055fc   0x080055fc   0x00000052   Code   RO          360    .text.TIM_TI2_ConfigInputStage  stm32f4xx_hal_tim.o
    0x0800564e   0x0800564e   0x00000002   PAD
    0x08005650   0x08005650   0x0000001c   Code   RO         1103    .text.UART_DMAAbortOnError  stm32f4xx_hal_uart.o
    0x0800566c   0x0800566c   0x0000007c   Code   RO         1049    .text.UART_DMAError  stm32f4xx_hal_uart.o
    0x080056e8   0x080056e8   0x000000f4   Code   RO         1135    .text.UART_DMAReceiveCplt  stm32f4xx_hal_uart.o
    0x080057dc   0x080057dc   0x00000034   Code   RO         1137    .text.UART_DMARxHalfCplt  stm32f4xx_hal_uart.o
    0x08005810   0x08005810   0x00000094   Code   RO         1063    .text.UART_EndRxTransfer  stm32f4xx_hal_uart.o
    0x080058a4   0x080058a4   0x00000026   Code   RO         1111    .text.UART_EndTransmit_IT  stm32f4xx_hal_uart.o
    0x080058ca   0x080058ca   0x00000002   PAD
    0x080058cc   0x080058cc   0x00000036   Code   RO         1061    .text.UART_EndTxTransfer  stm32f4xx_hal_uart.o
    0x08005902   0x08005902   0x00000002   PAD
    0x08005904   0x08005904   0x00000168   Code   RO         1101    .text.UART_Receive_IT  stm32f4xx_hal_uart.o
    0x08005a6c   0x08005a6c   0x00000130   Code   RO         1053    .text.UART_Start_Receive_DMA  stm32f4xx_hal_uart.o
    0x08005b9c   0x08005b9c   0x00000094   Code   RO         1109    .text.UART_Transmit_IT  stm32f4xx_hal_uart.o
    0x08005c30   0x08005c30   0x00000010   Code   RO          123    .text.USART1_IRQHandler  stm32f4xx_it.o
    0x08005c40   0x08005c40   0x000000c8   Code   RO         1174    .text.USER_TIM_PeriodElapsedCallback  tim_irqhandler.o
    0x08005d08   0x08005d08   0x00000004   Code   RO          105    .text.UsageFault_Handler  stm32f4xx_it.o
    0x08005d0c   0x08005d0c   0x00000030   Code   RO          863    .text.__NVIC_EnableIRQ  stm32f4xx_hal_cortex.o
    0x08005d3c   0x08005d3c   0x00000010   Code   RO          855    .text.__NVIC_GetPriorityGrouping  stm32f4xx_hal_cortex.o
    0x08005d4c   0x08005d4c   0x00000042   Code   RO          857    .text.__NVIC_SetPriority  stm32f4xx_hal_cortex.o
    0x08005d8e   0x08005d8e   0x00000002   PAD
    0x08005d90   0x08005d90   0x0000003c   Code   RO          851    .text.__NVIC_SetPriorityGrouping  stm32f4xx_hal_cortex.o
    0x08005dcc   0x08005dcc   0x00000016   Code   RO         1304    .text.is_M3508      motor.o
    0x08005de2   0x08005de2   0x00000002   PAD
    0x08005de4   0x08005de4   0x00000064   Code   RO         1212    .text.led_off       ledtask.o
    0x08005e48   0x08005e48   0x00000064   Code   RO         1214    .text.led_on        ledtask.o
    0x08005eac   0x08005eac   0x0000008c   Code   RO           11    .text.main          main.o
    0x08005f38   0x08005f38   0x000000a6   Code   RO         1276    .text.register_updata  solenoid.o
    0x08005fde   0x08005fde   0x00000002   PAD
    0x08005fe0   0x08005fe0   0x0000002e   Code   RO         1270    .text.solenoid_channel_init  solenoid.o
    0x0800600e   0x0800600e   0x00000002   PAD
    0x08006010   0x08006010   0x0000017e   Code   RO         1272    .text.solenoid_init  solenoid.o
    0x0800618e   0x0800618e   0x00000002   PAD
    0x08006190   0x08006190   0x00000072   Code   RO         1274    .text.solenoid_on   solenoid.o
    0x08006202   0x08006202   0x0000001a   Code   RO         1509    x$fpl$fpinit        fz_wm.l(fpinit.o)
    0x0800621c   0x0800621c   0x00000010   Data   RO         1151    .rodata.AHBPrescTable  system_stm32f4xx.o
    0x0800622c   0x0800622c   0x00000008   Data   RO         1152    .rodata.APBPrescTable  system_stm32f4xx.o
    0x08006234   0x08006234   0x00000001   Data   RO         1328    .rodata.s_auto_zero_id  motor.o
    0x08006235   0x08006235   0x00000003   PAD
    0x08006238   0x08006238   0x00000020   Data   RO         1570    Region$$Table       anon$$obj.o


    Execution Region RW_IRAM1 (Exec base: 0x20000000, Load base: 0x08006258, Size: 0x00000d10, Max: 0x0001c000, ABSOLUTE)

    Exec Addr    Load Addr    Size         Type   Attr      Idx    E Section Name        Object

    0x20000000   0x08006258   0x00000004   Data   RW         1150    .data.SystemCoreClock  system_stm32f4xx.o
    0x20000004   0x0800625c   0x00000001   Data   RW          981    .data.uwTickFreq    stm32f4xx_hal.o
    0x20000005   0x0800625d   0x00000003   PAD
    0x20000008   0x08006260   0x00000004   Data   RW          980    .data.uwTickPrio    stm32f4xx_hal.o
    0x2000000c   0x08006264   0x00000004   PAD
    0x20000010        -       0x00000060   Zero   RW         1435    .bss                c_w.l(libspace.o)
    0x20000070        -       0x00000002   Zero   RW         1188    .bss.Beep_Trigger   uart_irqhandler.o
    0x20000072   0x08006264   0x00000002   PAD
    0x20000074        -       0x00000430   Zero   RW         1326    .bss.DJmotor        motor.o
    0x200004a4        -       0x00000008   Zero   RW         1327    .bss.DJmotor_CurrentTransmit.tx_data  motor.o
    0x200004ac        -       0x00000004   Zero   RW           49    .bss.HAL_RCC_CAN1_CLK_ENABLED  can.o
    0x200004b0        -       0x00000004   Zero   RW           22    .bss.LowFreq_Task.last_10ms  main.o
    0x200004b4        -       0x00000008   Zero   RW         1167    .bss.RxData         can_irqhandler.o
    0x200004bc        -       0x0000001c   Zero   RW         1166    .bss.RxHeader       can_irqhandler.o
    0x200004d8        -       0x00000002   Zero   RW         1199    .bss.beep_count_off  beeptask.o
    0x200004da        -       0x00000002   Zero   RW         1198    .bss.beep_count_on  beeptask.o
    0x200004dc        -       0x00000001   Zero   RW         1200    .bss.bp_done        beeptask.o
    0x200004dd        -       0x00000001   Zero   RW         1202    .bss.bp_state       beeptask.o
    0x200004de        -       0x00000001   Zero   RW         1201    .bss.bp_total       beeptask.o
    0x200004df        -       0x00000001   Zero   RW         1163    .bss.g_beep_count   can_irqhandler.o
    0x200004e0        -       0x00000001   Zero   RW         1162    .bss.g_beep_new     can_irqhandler.o
    0x200004e1        -       0x00000018   Zero   RW         1360    .bss.g_cmd_fifo     gripper.o
    0x200004f9        -       0x00000001   Zero   RW         1357    .bss.g_fifo_head    gripper.o
    0x200004fa        -       0x00000001   Zero   RW         1359    .bss.g_fifo_overflow  gripper.o
    0x200004fb        -       0x00000001   Zero   RW         1358    .bss.g_fifo_tail    gripper.o
    0x200004fc        -       0x00000001   Zero   RW         1165    .bss.g_led_cmd      can_irqhandler.o
    0x200004fd        -       0x00000001   Zero   RW         1164    .bss.g_led_new      can_irqhandler.o
    0x200004fe        -       0x00000001   Zero   RW         1361    .bss.grip_flag      gripper.o
    0x200004ff   0x08006264   0x00000001   PAD
    0x20000500        -       0x00000028   Zero   RW           47    .bss.hcan1          can.o
    0x20000528        -       0x00000028   Zero   RW           48    .bss.hcan2          can.o
    0x20000550        -       0x00000060   Zero   RW           89    .bss.hdma_usart1_rx  usart.o
    0x200005b0        -       0x00000048   Zero   RW          154    .bss.htim1          stm32f4xx_hal_timebase_tim.o
    0x200005f8        -       0x00000048   Zero   RW           73    .bss.htim2          tim.o
    0x20000640        -       0x00000048   Zero   RW           74    .bss.htim3          tim.o
    0x20000688        -       0x00000048   Zero   RW           88    .bss.huart1         usart.o
    0x200006d0        -       0x00000010   Zero   RW         1218    .bss.led_last       ledtask.o
    0x200006e0        -       0x00000001   Zero   RW         1217    .bss.led_phase      ledtask.o
    0x200006e1        -       0x00000001   Zero   RW         1216    .bss.led_state      ledtask.o
    0x200006e2        -       0x00000001   Zero   RW         1362    .bss.move_flag      gripper.o
    0x200006e3        -       0x00000005   Zero   RW         1186    .bss.rx_buffer      uart_irqhandler.o
    0x200006e8        -       0x0000000c   Zero   RW         1278    .bss.solenoid_Channel1  solenoid.o
    0x200006f4        -       0x0000000c   Zero   RW         1279    .bss.solenoid_Channel2  solenoid.o
    0x20000700        -       0x0000000c   Zero   RW         1280    .bss.solenoid_Channel3  solenoid.o
    0x2000070c        -       0x00000004   Zero   RW          982    .bss.uwTick         stm32f4xx_hal.o
    0x20000710        -       0x00000200   Zero   RW            2    HEAP                startup_stm32f405xx.o
    0x20000910        -       0x00000400   Zero   RW            1    STACK               startup_stm32f405xx.o


    Execution Region RW_IRAM2 (Exec base: 0x2001c000, Load base: 0x08006268, Size: 0x00000000, Max: 0x00004000, ABSOLUTE)

    **** No section assigned to this execution region ****


==============================================================================

Image component sizes


      Code (inc. data)   RO Data    RW Data    ZI Data      Debug   Object Name

       294          0          0          0          7       1847   beeptask.o
       894          0          0          0         84       6924   can.o
       430          0          0          0         40       3171   can_irqhandler.o
        60          0          0          0          0       3240   dma.o
       280          0          0          0          0       3960   gpio.o
       788          0          0          0         29       2347   gripper.o
       580          8          0          0         18       2263   ledtask.o
       530          0          0          0          4       6572   main.o
      3760         50          1          0       1080      10421   motor.o
       418          8          0          0          0       1479   pid.o
       708          0          0          0         36       3416   solenoid.o
        64         26        392          0       1536        856   startup_stm32f405xx.o
       158          0          0          5          4       7062   stm32f4xx_hal.o
      3090          0          0          0          0      11492   stm32f4xx_hal_can.o
       384          0          0          0          0       9642   stm32f4xx_hal_cortex.o
      1376          0          0          0          0       8471   stm32f4xx_hal_dma.o
      1062          0          0          0          0       5099   stm32f4xx_hal_gpio.o
        74          0          0          0          0       1480   stm32f4xx_hal_msp.o
      2696          0          0          0          0       7596   stm32f4xx_hal_rcc.o
      2036          0          0          0          0      35836   stm32f4xx_hal_tim.o
       306          0          0          0          0      15262   stm32f4xx_hal_tim_ex.o
       218          0          0          0         72       6994   stm32f4xx_hal_timebase_tim.o
      2832          0          0          0          0      20317   stm32f4xx_hal_uart.o
       168          0          0          0          0       2029   stm32f4xx_it.o
        18          0         24          4          0       2510   system_stm32f4xx.o
       394          0          0          0        144       7248   tim.o
       200          0          0          0          0       4061   tim_irqhandler.o
       158          0          0          0          7       3662   uart_irqhandler.o
         0          0          0          0        168       6686   usart.o

    ----------------------------------------------------------------------
     24098         92        452         12       3236     201943   Object Totals
         0          0         32          0          0          0   (incl. Generated)
       122          0          3          3          7          0   (incl. Padding)

    ----------------------------------------------------------------------

      Code (inc. data)   RO Data    RW Data    ZI Data      Debug   Library Member Name

         8          0          0          0          0         68   __main.o
         0          0          0          0          0          0   __rtentry.o
        12          0          0          0          0          0   __rtentry2.o
         6          0          0          0          0          0   __rtentry4.o
        52          8          0          0          0          0   __scatter.o
        26          0          0          0          0          0   __scatter_copy.o
        28          0          0          0          0          0   __scatter_zi.o
        18          0          0          0          0         80   exit.o
         6          0          0          0          0        152   heapauxi.o
         0          0          0          0          0          0   indicate_semi.o
         2          0          0          0          0          0   libinit.o
         6          0          0          0          0          0   libinit2.o
         2          0          0          0          0          0   libshutdown.o
         2          0          0          0          0          0   libshutdown2.o
         8          4          0          0         96         68   libspace.o
       240          0          0          0          0        100   lludivv7m.o
        78          0          0          0          0         80   rt_memclr_w.o
         2          0          0          0          0          0   rtexit.o
        10          0          0          0          0          0   rtexit2.o
        12          4          0          0          0         68   sys_exit.o
        74          0          0          0          0         80   sys_stackheap_outer.o
         2          0          0          0          0         68   use_no_semi.o
        26          0          0          0          0        116   fpinit.o

    ----------------------------------------------------------------------
       626         16          0          0         96        880   Library Totals
         6          0          0          0          0          0   (incl. Padding)

    ----------------------------------------------------------------------

      Code (inc. data)   RO Data    RW Data    ZI Data      Debug   Library Name

       594         16          0          0         96        764   c_w.l
        26          0          0          0          0        116   fz_wm.l

    ----------------------------------------------------------------------
       626         16          0          0         96        880   Library Totals

    ----------------------------------------------------------------------

==============================================================================


      Code (inc. data)   RO Data    RW Data    ZI Data      Debug   

     24724        108        452         12       3332     202043   Grand Totals
     24724        108        452         12       3332     202043   ELF Image Totals
     24724        108        452         12          0          0   ROM Totals

==============================================================================

    Total RO  Size (Code + RO Data)                25176 (  24.59kB)
    Total RW  Size (RW Data + ZI Data)              3344 (   3.27kB)
    Total ROM Size (Code + RO Data + RW Data)      25188 (  24.60kB)

==============================================================================

